../Core/Src/main.c:132:5:main	8	static
../Core/Src/main.c:193:6:SystemClock_Config	96	static
../Core/Src/main.c:243:13:MX_DAC1_Init	48	static
../Core/Src/main.c:293:13:MX_I2C1_Init	8	static
../Core/Src/main.c:341:13:MX_TIM15_Init	40	static
../Core/Src/main.c:387:13:MX_TIM16_Init	8	static
../Core/Src/main.c:419:13:MX_USART2_UART_Init	8	static
../Core/Src/main.c:454:13:MX_GPIO_Init	48	static
../Core/Src/main.c:515:6:HAL_GPIO_EXTI_Callback	16	static
../Core/Src/main.c:572:6:HAL_TIM_PeriodElapsedCallback	24	static
../Core/Src/main.c:597:6:Error_Handler	4	static,ignoring_inline_asm
