../Core/Src/main.c:117:5:main	16	static
../Core/Src/main.c:181:6:SystemClock_Config	96	static
../Core/Src/main.c:231:13:MX_DAC1_Init	48	static
../Core/Src/main.c:281:13:MX_I2C1_Init	8	static
../Core/Src/main.c:329:13:MX_TIM15_Init	40	static
../Core/Src/main.c:375:13:MX_TIM16_Init	8	static
../Core/Src/main.c:407:13:MX_USART2_UART_Init	8	static
../Core/Src/main.c:442:13:MX_GPIO_Init	48	static
../Core/Src/main.c:509:6:HAL_GPIO_EXTI_Callback	16	static
../Core/Src/main.c:554:6:HAL_TIM_PeriodElapsedCallback	24	static
../Core/Src/main.c:589:6:Error_Handler	4	static,ignoring_inline_asm
