../Core/Src/stm32l4xx_hal_msp.c:64:6:HAL_MspInit	8	static
../Core/Src/stm32l4xx_hal_msp.c:86:6:HAL_DAC_MspInit	40	static
../Core/Src/stm32l4xx_hal_msp.c:123:6:HAL_DAC_MspDeInit	8	static
../Core/Src/stm32l4xx_hal_msp.c:154:6:HAL_I2C_MspInit	176	static
../Core/Src/stm32l4xx_hal_msp.c:200:6:HAL_I2C_MspDeInit	8	static
../Core/Src/stm32l4xx_hal_msp.c:231:6:HAL_TIM_Base_MspInit	16	static
../Core/Src/stm32l4xx_hal_msp.c:256:6:HAL_TIM_Base_MspDeInit	0	static
../Core/Src/stm32l4xx_hal_msp.c:281:6:HAL_UART_MspInit	176	static
../Core/Src/stm32l4xx_hal_msp.c:331:6:HAL_UART_MspDeInit	8	static
