Archive member included to satisfy reference by file (symbol)

C:/ST/STM32CubeIDE_1.14.1/STM32CubeIDE/plugins/com.st.stm32cube.ide.mcu.externaltools.gnu-tools-for-stm32.11.3.rel1.win32_1.1.100.202309141235/tools/bin/../lib/gcc/arm-none-eabi/11.3.1/../../../../arm-none-eabi/lib/thumb/v7e-m+fp/hard\libc_nano.a(libc_a-exit.o)
                              C:/ST/STM32CubeIDE_1.14.1/STM32CubeIDE/plugins/com.st.stm32cube.ide.mcu.externaltools.gnu-tools-for-stm32.11.3.rel1.win32_1.1.100.202309141235/tools/bin/../lib/gcc/arm-none-eabi/11.3.1/../../../../arm-none-eabi/lib/thumb/v7e-m+fp/hard/crt0.o (exit)
C:/ST/STM32CubeIDE_1.14.1/STM32CubeIDE/plugins/com.st.stm32cube.ide.mcu.externaltools.gnu-tools-for-stm32.11.3.rel1.win32_1.1.100.202309141235/tools/bin/../lib/gcc/arm-none-eabi/11.3.1/../../../../arm-none-eabi/lib/thumb/v7e-m+fp/hard\libc_nano.a(libc_a-findfp.o)
                              C:/ST/STM32CubeIDE_1.14.1/STM32CubeIDE/plugins/com.st.stm32cube.ide.mcu.externaltools.gnu-tools-for-stm32.11.3.rel1.win32_1.1.100.202309141235/tools/bin/../lib/gcc/arm-none-eabi/11.3.1/../../../../arm-none-eabi/lib/thumb/v7e-m+fp/hard\libc_nano.a(libc_a-exit.o) (__stdio_exit_handler)
C:/ST/STM32CubeIDE_1.14.1/STM32CubeIDE/plugins/com.st.stm32cube.ide.mcu.externaltools.gnu-tools-for-stm32.11.3.rel1.win32_1.1.100.202309141235/tools/bin/../lib/gcc/arm-none-eabi/11.3.1/../../../../arm-none-eabi/lib/thumb/v7e-m+fp/hard\libc_nano.a(libc_a-fwalk.o)
                              C:/ST/STM32CubeIDE_1.14.1/STM32CubeIDE/plugins/com.st.stm32cube.ide.mcu.externaltools.gnu-tools-for-stm32.11.3.rel1.win32_1.1.100.202309141235/tools/bin/../lib/gcc/arm-none-eabi/11.3.1/../../../../arm-none-eabi/lib/thumb/v7e-m+fp/hard\libc_nano.a(libc_a-findfp.o) (_fwalk_sglue)
C:/ST/STM32CubeIDE_1.14.1/STM32CubeIDE/plugins/com.st.stm32cube.ide.mcu.externaltools.gnu-tools-for-stm32.11.3.rel1.win32_1.1.100.202309141235/tools/bin/../lib/gcc/arm-none-eabi/11.3.1/../../../../arm-none-eabi/lib/thumb/v7e-m+fp/hard\libc_nano.a(libc_a-stdio.o)
                              C:/ST/STM32CubeIDE_1.14.1/STM32CubeIDE/plugins/com.st.stm32cube.ide.mcu.externaltools.gnu-tools-for-stm32.11.3.rel1.win32_1.1.100.202309141235/tools/bin/../lib/gcc/arm-none-eabi/11.3.1/../../../../arm-none-eabi/lib/thumb/v7e-m+fp/hard\libc_nano.a(libc_a-findfp.o) (__sread)
C:/ST/STM32CubeIDE_1.14.1/STM32CubeIDE/plugins/com.st.stm32cube.ide.mcu.externaltools.gnu-tools-for-stm32.11.3.rel1.win32_1.1.100.202309141235/tools/bin/../lib/gcc/arm-none-eabi/11.3.1/../../../../arm-none-eabi/lib/thumb/v7e-m+fp/hard\libc_nano.a(libc_a-memset.o)
                              C:/ST/STM32CubeIDE_1.14.1/STM32CubeIDE/plugins/com.st.stm32cube.ide.mcu.externaltools.gnu-tools-for-stm32.11.3.rel1.win32_1.1.100.202309141235/tools/bin/../lib/gcc/arm-none-eabi/11.3.1/../../../../arm-none-eabi/lib/thumb/v7e-m+fp/hard/crt0.o (memset)
C:/ST/STM32CubeIDE_1.14.1/STM32CubeIDE/plugins/com.st.stm32cube.ide.mcu.externaltools.gnu-tools-for-stm32.11.3.rel1.win32_1.1.100.202309141235/tools/bin/../lib/gcc/arm-none-eabi/11.3.1/../../../../arm-none-eabi/lib/thumb/v7e-m+fp/hard\libc_nano.a(libc_a-closer.o)
                              C:/ST/STM32CubeIDE_1.14.1/STM32CubeIDE/plugins/com.st.stm32cube.ide.mcu.externaltools.gnu-tools-for-stm32.11.3.rel1.win32_1.1.100.202309141235/tools/bin/../lib/gcc/arm-none-eabi/11.3.1/../../../../arm-none-eabi/lib/thumb/v7e-m+fp/hard\libc_nano.a(libc_a-stdio.o) (_close_r)
C:/ST/STM32CubeIDE_1.14.1/STM32CubeIDE/plugins/com.st.stm32cube.ide.mcu.externaltools.gnu-tools-for-stm32.11.3.rel1.win32_1.1.100.202309141235/tools/bin/../lib/gcc/arm-none-eabi/11.3.1/../../../../arm-none-eabi/lib/thumb/v7e-m+fp/hard\libc_nano.a(libc_a-reent.o)
                              C:/ST/STM32CubeIDE_1.14.1/STM32CubeIDE/plugins/com.st.stm32cube.ide.mcu.externaltools.gnu-tools-for-stm32.11.3.rel1.win32_1.1.100.202309141235/tools/bin/../lib/gcc/arm-none-eabi/11.3.1/../../../../arm-none-eabi/lib/thumb/v7e-m+fp/hard\libc_nano.a(libc_a-closer.o) (errno)
C:/ST/STM32CubeIDE_1.14.1/STM32CubeIDE/plugins/com.st.stm32cube.ide.mcu.externaltools.gnu-tools-for-stm32.11.3.rel1.win32_1.1.100.202309141235/tools/bin/../lib/gcc/arm-none-eabi/11.3.1/../../../../arm-none-eabi/lib/thumb/v7e-m+fp/hard\libc_nano.a(libc_a-impure.o)
                              C:/ST/STM32CubeIDE_1.14.1/STM32CubeIDE/plugins/com.st.stm32cube.ide.mcu.externaltools.gnu-tools-for-stm32.11.3.rel1.win32_1.1.100.202309141235/tools/bin/../lib/gcc/arm-none-eabi/11.3.1/../../../../arm-none-eabi/lib/thumb/v7e-m+fp/hard\libc_nano.a(libc_a-reent.o) (_impure_ptr)
C:/ST/STM32CubeIDE_1.14.1/STM32CubeIDE/plugins/com.st.stm32cube.ide.mcu.externaltools.gnu-tools-for-stm32.11.3.rel1.win32_1.1.100.202309141235/tools/bin/../lib/gcc/arm-none-eabi/11.3.1/../../../../arm-none-eabi/lib/thumb/v7e-m+fp/hard\libc_nano.a(libc_a-lseekr.o)
[...]
Memory Configuration

Name             Origin             Length             Attributes
RAM              0x0000000020000000 0x0000000000018000 xrw
RAM2             0x0000000010000000 0x0000000000008000 xrw
FLASH            0x0000000008000000 0x0000000000100000 xr
*default*        0x0000000000000000 0xffffffffffffffff

Linker script and memory map

LOAD C:/ST/STM32CubeIDE_1.14.1/STM32CubeIDE/plugins/com.st.stm32cube.ide.mcu.externaltools.gnu-tools-for-stm32.11.3.rel1.win32_1.1.100.202309141235/tools/bin/../lib/gcc/arm-none-eabi/11.3.1/thumb/v7e-m+fp/hard/crti.o
LOAD C:/ST/STM32CubeIDE_1.14.1/STM32CubeIDE/plugins/com.st.stm32cube.ide.mcu.externaltools.gnu-tools-for-stm32.11.3.rel1.win32_1.1.100.202309141235/tools/bin/../lib/gcc/arm-none-eabi/11.3.1/thumb/v7e-m+fp/hard/crtbegin.o
LOAD C:/ST/STM32CubeIDE_1.14.1/STM32CubeIDE/plugins/com.st.stm32cube.ide.mcu.externaltools.gnu-tools-for-stm32.11.3.rel1.win32_1.1.100.202309141235/tools/bin/../lib/gcc/arm-none-eabi/11.3.1/../../../../arm-none-eabi/lib/thumb/v7e-m+fp/hard/crt0.o
LOAD ./Core/Src/main.o
LOAD ./Core/Src/menu.o
LOAD ./Core/Src/screen.o
LOAD ./Core/Src/stm32l4xx_hal_msp.o
LOAD ./Core/Src/stm32l4xx_it.o
LOAD ./Core/Src/sustain.o
LOAD ./Core/Src/syscalls.o
LOAD ./Core/Src/sysmem.o
LOAD ./Core/Src/system_stm32l4xx.o
LOAD ./Core/Src/tranposition.o
LOAD ./Core/Startup/startup_stm32l476rgtx.o
LOAD ./Drivers/STM32L4xx_HAL_Driver/Src/stm32l4xx_hal.o
LOAD ./Drivers/STM32L4xx_HAL_Driver/Src/stm32l4xx_hal_cortex.o
LOAD ./Drivers/STM32L4xx_HAL_Driver/Src/stm32l4xx_hal_dac.o
LOAD ./Drivers/STM32L4xx_HAL_Driver/Src/stm32l4xx_hal_dac_ex.o
LOAD ./Drivers/STM32L4xx_HAL_Driver/Src/stm32l4xx_hal_dma.o
LOAD ./Drivers/STM32L4xx_HAL_Driver/Src/stm32l4xx_hal_dma_ex.o
LOAD ./Drivers/STM32L4xx_HAL_Driver/Src/stm32l4xx_hal_exti.o
LOAD ./Drivers/STM32L4xx_HAL_Driver/Src/stm32l4xx_hal_flash.o
LOAD ./Drivers/STM32L4xx_HAL_Driver/Src/stm32l4xx_hal_flash_ex.o
LOAD ./Drivers/STM32L4xx_HAL_Driver/Src/stm32l4xx_hal_flash_ramfunc.o
LOAD ./Drivers/STM32L4xx_HAL_Driver/Src/stm32l4xx_hal_gpio.o
LOAD ./Drivers/STM32L4xx_HAL_Driver/Src/stm32l4xx_hal_i2c.o
LOAD ./Drivers/STM32L4xx_HAL_Driver/Src/stm32l4xx_hal_i2c_ex.o
LOAD ./Drivers/STM32L4xx_HAL_Driver/Src/stm32l4xx_hal_pwr.o
LOAD ./Drivers/STM32L4xx_HAL_Driver/Src/stm32l4xx_hal_pwr_ex.o
LOAD ./Drivers/STM32L4xx_HAL_Driver/Src/stm32l4xx_hal_rcc.o
LOAD ./Drivers/STM32L4xx_HAL_Driver/Src/stm32l4xx_hal_rcc_ex.o
LOAD ./Drivers/STM32L4xx_HAL_Driver/Src/stm32l4xx_hal_tim.o
LOAD ./Drivers/STM32L4xx_HAL_Driver/Src/stm32l4xx_hal_tim_ex.o
LOAD ./Drivers/STM32L4xx_HAL_Driver/Src/stm32l4xx_hal_uart.o
LOAD ./Drivers/STM32L4xx_HAL_Driver/Src/stm32l4xx_hal_uart_ex.o
START GROUP
LOAD C:/ST/STM32CubeIDE_1.14.1/STM32CubeIDE/plugins/com.st.stm32cube.ide.mcu.externaltools.gnu-tools-for-stm32.11.3.rel1.win32_1.1.100.202309141235/tools/bin/../lib/gcc/arm-none-eabi/11.3.1/../../../../arm-none-eabi/lib/thumb/v7e-m+fp/hard\libc_nano.a
LOAD C:/ST/STM32CubeIDE_1.14.1/STM32CubeIDE/plugins/com.st.stm32cube.ide.mcu.externaltools.gnu-tools-for-stm32.11.3.rel1.win32_1.1.100.202309141235/tools/bin/../lib/gcc/arm-none-eabi/11.3.1/../../../../arm-none-eabi/lib/thumb/v7e-m+fp/hard\libm.a
END GROUP
START GROUP
LOAD C:/ST/STM32CubeIDE_1.14.1/STM32CubeIDE/plugins/com.st.stm32cube.ide.mcu.externaltools.gnu-tools-for-stm32.11.3.rel1.win32_1.1.100.202309141235/tools/bin/../lib/gcc/arm-none-eabi/11.3.1/thumb/v7e-m+fp/hard\libgcc.a
LOAD C:/ST/STM32CubeIDE_1.14.1/STM32CubeIDE/plugins/com.st.stm32cube.ide.mcu.externaltools.gnu-tools-for-stm32.11.3.rel1.win32_1.1.100.202309141235/tools/bin/../lib/gcc/arm-none-eabi/11.3.1/../../../../arm-none-eabi/lib/thumb/v7e-m+fp/hard\libc_nano.a
END GROUP
START GROUP
LOAD C:/ST/STM32CubeIDE_1.14.1/STM32CubeIDE/plugins/com.st.stm32cube.ide.mcu.externaltools.gnu-tools-for-stm32.11.3.rel1.win32_1.1.100.202309141235/tools/bin/../lib/gcc/arm-none-eabi/11.3.1/thumb/v7e-m+fp/hard\libgcc.a
LOAD C:/ST/STM32CubeIDE_1.14.1/STM32CubeIDE/plugins/com.st.stm32cube.ide.mcu.externaltools.gnu-tools-for-stm32.11.3.rel1.win32_1.1.100.202309141235/tools/bin/../lib/gcc/arm-none-eabi/11.3.1/../../../../arm-none-eabi/lib/thumb/v7e-m+fp/hard\libc_nano.a
LOAD C:/ST/STM32CubeIDE_1.14.1/STM32CubeIDE/plugins/com.st.stm32cube.ide.mcu.externaltools.gnu-tools-for-stm32.11.3.rel1.win32_1.1.100.202309141235/tools/bin/../lib/gcc/arm-none-eabi/11.3.1/../../../../arm-none-eabi/lib/thumb/v7e-m+fp/hard\libnosys.a
END GROUP
START GROUP
LOAD C:/ST/STM32CubeIDE_1.14.1/STM32CubeIDE/plugins/com.st.stm32cube.ide.mcu.externaltools.gnu-tools-for-stm32.11.3.rel1.win32_1.1.100.202309141235/tools/bin/../lib/gcc/arm-none-eabi/11.3.1/thumb/v7e-m+fp/hard\libgcc.a
LOAD C:/ST/STM32CubeIDE_1.14.1/STM32CubeIDE/plugins/com.st.stm32cube.ide.mcu.externaltools.gnu-tools-for-stm32.11.3.rel1.win32_1.1.100.202309141235/tools/bin/../lib/gcc/arm-none-eabi/11.3.1/../../../../arm-none-eabi/lib/thumb/v7e-m+fp/hard\libc_nano.a
LOAD C:/ST/STM32CubeIDE_1.14.1/STM32CubeIDE/plugins/com.st.stm32cube.ide.mcu.externaltools.gnu-tools-for-stm32.11.3.rel1.win32_1.1.100.202309141235/tools/bin/../lib/gcc/arm-none-eabi/11.3.1/../../../../arm-none-eabi/lib/thumb/v7e-m+fp/hard\libnosys.a
END GROUP
LOAD C:/ST/STM32CubeIDE_1.14.1/STM32CubeIDE/plugins/com.st.stm32cube.ide.mcu.externaltools.gnu-tools-for-stm32.11.3.rel1.win32_1.1.100.202309141235/tools/bin/../lib/gcc/arm-none-eabi/11.3.1/thumb/v7e-m+fp/hard/crtend.o
LOAD C:/ST/STM32CubeIDE_1.14.1/STM32CubeIDE/plugins/com.st.stm32cube.ide.mcu.externaltools.gnu-tools-for-stm32.11.3.rel1.win32_1.1.100.202309141235/tools/bin/../lib/gcc/arm-none-eabi/11.3.1/thumb/v7e-m+fp/hard/crtn.o
                0x0000000020018000                _estack = (ORIGIN (RAM) + LENGTH (RAM))
                0x0000000000000200                _Min_Heap_Size = 0x200
                0x0000000000000400                _Min_Stack_Size = 0x400

.isr_vector     0x0000000008000000      0x188
                0x0000000008000000                . = ALIGN (0x4)
 *(.isr_vector)
 .isr_vector    0x0000000008000000      0x188 ./Core/Startup/startup_stm32l476rgtx.o
                0x0000000008000000                g_pfnVectors
                0x0000000008000188                . = ALIGN (0x4)

.text           0x0000000008000188     0x47c8
                0x0000000008000188                . = ALIGN (0x4)
 *(.text)
 .text          0x0000000008000188       0x40 C:/ST/STM32CubeIDE_1.14.1/STM32CubeIDE/plugins/com.st.stm32cube.ide.mcu.externaltools.gnu-tools-for-stm32.11.3.rel1.win32_1.1.100.202309141235/tools/bin/../lib/gcc/arm-none-eabi/11.3.1/thumb/v7e-m+fp/hard/crtbegin.o
 .text          0x00000000080001c8       0x30 C:/ST/STM32CubeIDE_1.14.1/STM32CubeIDE/plugins/com.st.stm32cube.ide.mcu.externaltools.gnu-tools-for-stm32.11.3.rel1.win32_1.1.100.202309141235/tools/bin/../lib/gcc/arm-none-eabi/11.3.1/thumb/v7e-m+fp/hard\libgcc.a(_aeabi_uldivmod.o)
                0x00000000080001c8                __aeabi_uldivmod
 .text          0x00000000080001f8      0x2c8 C:/ST/STM32CubeIDE_1.14.1/STM32CubeIDE/plugins/com.st.stm32cube.ide.mcu.externaltools.gnu-tools-for-stm32.11.3.rel1.win32_1.1.100.202309141235/tools/bin/../lib/gcc/arm-none-eabi/11.3.1/thumb/v7e-m+fp/hard\libgcc.a(_udivmoddi4.o)
                0x00000000080001f8                __udivmoddi4
 .text          0x00000000080004c0        0x4 C:/ST/STM32CubeIDE_1.14.1/STM32CubeIDE/plugins/com.st.stm32cube.ide.mcu.externaltools.gnu-tools-for-stm32.11.3.rel1.win32_1.1.100.202309141235/tools/bin/../lib/gcc/arm-none-eabi/11.3.1/thumb/v7e-m+fp/hard\libgcc.a(_dvmd_tls.o)
                0x00000000080004c0                __aeabi_idiv0
                0x00000000080004c0                __aeabi_ldiv0
 *(.text*)
 *fill*         0x00000000080004c4        0x4 
 .text.SystemClock_Config
                0x00000000080004c8       0x88 ./Core/Src/main.o
                0x00000000080004c8                SystemClock_Config
 .text.startup.main
                0x0000000008000550      0x298 ./Core/Src/main.o
                0x0000000008000550                main
 .text.HAL_GPIO_EXTI_Callback
                0x00000000080007e8      0x340 ./Core/Src/main.o
                0x00000000080007e8                HAL_GPIO_EXTI_Callback
 .text.HAL_TIM_PeriodElapsedCallback
                0x0000000008000b28       0x48 ./Core/Src/main.o
                0x0000000008000b28                HAL_TIM_PeriodElapsedCallback
 .text.Error_Handler
                0x0000000008000b70        0x4 ./Core/Src/main.o
                0x0000000008000b70                Error_Handler
 .text.menu_init
                0x0000000008000b74       0xc8 ./Core/Src/menu.o
                0x0000000008000b74                menu_init
 .text.lcd_init
                0x0000000008000c3c      0x324 ./Core/Src/screen.o
                0x0000000008000c3c                lcd_init
 .text.lcd_write_string
                0x0000000008000f60       0xb8 ./Core/Src/screen.o
                0x0000000008000f60                lcd_write_string
 .text.lcd_set_cursor
                0x0000000008001018       0xac ./Core/Src/screen.o
                0x0000000008001018                lcd_set_cursor
 .text.lcd_clear
                0x00000000080010c4       0x9c ./Core/Src/screen.o
                0x00000000080010c4                lcd_clear
 .text.HAL_MspInit
                0x0000000008001160       0x30 ./Core/Src/stm32l4xx_hal_msp.o
                0x0000000008001160                HAL_MspInit
 .text.HAL_DAC_MspInit
                0x0000000008001190       0x70 ./Core/Src/stm32l4xx_hal_msp.o
                0x0000000008001190                HAL_DAC_MspInit
 .text.HAL_I2C_MspInit
                0x0000000008001200       0x8c ./Core/Src/stm32l4xx_hal_msp.o
                0x0000000008001200                HAL_I2C_MspInit
 .text.HAL_TIM_Base_MspInit
                0x000000000800128c       0x78 ./Core/Src/stm32l4xx_hal_msp.o
                0x000000000800128c                HAL_TIM_Base_MspInit
 *fill*         0x0000000008001304        0x4 
 .text.HAL_UART_MspInit
                0x0000000008001308       0xa8 ./Core/Src/stm32l4xx_hal_msp.o
                0x0000000008001308                HAL_UART_MspInit
 .text.NMI_Handler
                0x00000000080013b0        0x4 ./Core/Src/stm32l4xx_it.o
                0x00000000080013b0                NMI_Handler
 .text.HardFault_Handler
                0x00000000080013b4        0x4 ./Core/Src/stm32l4xx_it.o
                0x00000000080013b4                HardFault_Handler
 .text.MemManage_Handler
                0x00000000080013b8        0x4 ./Core/Src/stm32l4xx_it.o
                0x00000000080013b8                MemManage_Handler
 .text.BusFault_Handler
                0x00000000080013bc        0x4 ./Core/Src/stm32l4xx_it.o
                0x00000000080013bc                BusFault_Handler
 .text.UsageFault_Handler
                0x00000000080013c0        0x4 ./Core/Src/stm32l4xx_it.o
                0x00000000080013c0                UsageFault_Handler
 .text.SVC_Handler
                0x00000000080013c4        0x4 ./Core/Src/stm32l4xx_it.o
                0x00000000080013c4                SVC_Handler
 .text.DebugMon_Handler
                0x00000000080013c8        0x4 ./Core/Src/stm32l4xx_it.o
                0x00000000080013c8                DebugMon_Handler
 .text.PendSV_Handler
                0x00000000080013cc        0x4 ./Core/Src/stm32l4xx_it.o
                0x00000000080013cc                PendSV_Handler
 .text.SysTick_Handler
                0x00000000080013d0        0x4 ./Core/Src/stm32l4xx_it.o
                0x00000000080013d0                SysTick_Handler
 .text.EXTI1_IRQHandler
                0x00000000080013d4        0x8 ./Core/Src/stm32l4xx_it.o
                0x00000000080013d4                EXTI1_IRQHandler
 .text.EXTI2_IRQHandler
                0x00000000080013dc        0x8 ./Core/Src/stm32l4xx_it.o
                0x00000000080013dc                EXTI2_IRQHandler
 .text.EXTI3_IRQHandler
                0x00000000080013e4        0x8 ./Core/Src/stm32l4xx_it.o
                0x00000000080013e4                EXTI3_IRQHandler
 .text.EXTI4_IRQHandler
                0x00000000080013ec        0x8 ./Core/Src/stm32l4xx_it.o
                0x00000000080013ec                EXTI4_IRQHandler
 .text.EXTI9_5_IRQHandler
                0x00000000080013f4       0x28 ./Core/Src/stm32l4xx_it.o
                0x00000000080013f4                EXTI9_5_IRQHandler
 .text.TIM1_BRK_TIM15_IRQHandler
                0x000000000800141c        0xc ./Core/Src/stm32l4xx_it.o
                0x000000000800141c                TIM1_BRK_TIM15_IRQHandler
 .text.TIM1_UP_TIM16_IRQHandler
                0x0000000008001428        0xc ./Core/Src/stm32l4xx_it.o
                0x0000000008001428                TIM1_UP_TIM16_IRQHandler
 .text.USART2_IRQHandler
                0x0000000008001434        0xc ./Core/Src/stm32l4xx_it.o
                0x0000000008001434                USART2_IRQHandler
 .text.EXTI15_10_IRQHandler
                0x0000000008001440       0x38 ./Core/Src/stm32l4xx_it.o
                0x0000000008001440                EXTI15_10_IRQHandler
 .text.TIM6_DAC_IRQHandler
                0x0000000008001478        0xc ./Core/Src/stm32l4xx_it.o
                0x0000000008001478                TIM6_DAC_IRQHandler
 .text.update_decay_values
                0x0000000008001484      0x314 ./Core/Src/sustain.o
                0x0000000008001484                update_decay_values
 .text.SystemInit
                0x0000000008001798       0x14 ./Core/Src/system_stm32l4xx.o
                0x0000000008001798                SystemInit
 .text.update_note_tables
                0x00000000080017ac      0x1c0 ./Core/Src/tranposition.o
                0x00000000080017ac                update_note_tables
 .text.tranposition__increment_octave
                0x000000000800196c       0x4c ./Core/Src/tranposition.o
                0x000000000800196c                tranposition__increment_octave
 .text.tranposition__note_update
                0x00000000080019b8      0x3e0 ./Core/Src/tranposition.o
                0x00000000080019b8                tranposition__note_update
 .text.Reset_Handler
                0x0000000008001d98       0x50 ./Core/Startup/startup_stm32l476rgtx.o
                0x0000000008001d98                Reset_Handler
 .text.Default_Handler
                0x0000000008001de8        0x2 ./Core/Startup/startup_stm32l476rgtx.o
                0x0000000008001de8                RTC_Alarm_IRQHandler
                0x0000000008001de8                TIM8_TRG_COM_IRQHandler
                0x0000000008001de8                TIM8_CC_IRQHandler
                0x0000000008001de8                TIM1_CC_IRQHandler
                0x0000000008001de8                TSC_IRQHandler
                0x0000000008001de8                TAMP_STAMP_IRQHandler
                0x0000000008001de8                LPTIM2_IRQHandler
                0x0000000008001de8                DFSDM1_FLT1_IRQHandler
                0x0000000008001de8                I2C3_ER_IRQHandler
                0x0000000008001de8                DFSDM1_FLT2_IRQHandler
                0x0000000008001de8                EXTI0_IRQHandler
                0x0000000008001de8                I2C2_EV_IRQHandler
                0x0000000008001de8                CAN1_RX0_IRQHandler
                0x0000000008001de8                FPU_IRQHandler
                0x0000000008001de8                ADC1_2_IRQHandler
                0x0000000008001de8                SPI1_IRQHandler
                0x0000000008001de8                TIM8_UP_IRQHandler
                0x0000000008001de8                DMA2_Channel2_IRQHandler
                0x0000000008001de8                DMA1_Channel4_IRQHandler
                0x0000000008001de8                SAI2_IRQHandler
                0x0000000008001de8                DFSDM1_FLT3_IRQHandler
                0x0000000008001de8                USART3_IRQHandler
                0x0000000008001de8                DMA1_Channel7_IRQHandler
                0x0000000008001de8                CAN1_RX1_IRQHandler
                0x0000000008001de8                LCD_IRQHandler
                0x0000000008001de8                UART5_IRQHandler
                0x0000000008001de8                ADC3_IRQHandler
                0x0000000008001de8                TIM4_IRQHandler
                0x0000000008001de8                DMA2_Channel1_IRQHandler
                0x0000000008001de8                QUADSPI_IRQHandler
                0x0000000008001de8                I2C1_EV_IRQHandler
                0x0000000008001de8                DMA1_Channel6_IRQHandler
                0x0000000008001de8                UART4_IRQHandler
                0x0000000008001de8                DMA2_Channel4_IRQHandler
                0x0000000008001de8                TIM3_IRQHandler
                0x0000000008001de8                RCC_IRQHandler
                0x0000000008001de8                DMA1_Channel1_IRQHandler
                0x0000000008001de8                Default_Handler
                0x0000000008001de8                DMA2_Channel7_IRQHandler
                0x0000000008001de8                TIM7_IRQHandler
                0x0000000008001de8                SDMMC1_IRQHandler
                0x0000000008001de8                TIM5_IRQHandler
                0x0000000008001de8                I2C3_EV_IRQHandler
                0x0000000008001de8                RTC_WKUP_IRQHandler
                0x0000000008001de8                PVD_PVM_IRQHandler
                0x0000000008001de8                SPI2_IRQHandler
                0x0000000008001de8                CAN1_TX_IRQHandler
                0x0000000008001de8                DMA2_Channel5_IRQHandler
                0x0000000008001de8                DMA1_Channel5_IRQHandler
                0x0000000008001de8                RNG_IRQHandler
                0x0000000008001de8                TIM1_TRG_COM_TIM17_IRQHandler
                0x0000000008001de8                DMA1_Channel3_IRQHandler
                0x0000000008001de8                COMP_IRQHandler
                0x0000000008001de8                WWDG_IRQHandler
                0x0000000008001de8                LPUART1_IRQHandler
                0x0000000008001de8                DMA2_Channel6_IRQHandler
                0x0000000008001de8                TIM2_IRQHandler
                0x0000000008001de8                DFSDM1_FLT0_IRQHandler
                0x0000000008001de8                I2C2_ER_IRQHandler
                0x0000000008001de8                DMA1_Channel2_IRQHandler
                0x0000000008001de8                TIM8_BRK_IRQHandler
                0x0000000008001de8                CAN1_SCE_IRQHandler
                0x0000000008001de8                FLASH_IRQHandler
                0x0000000008001de8                USART1_IRQHandler
                0x0000000008001de8                OTG_FS_IRQHandler
                0x0000000008001de8                SPI3_IRQHandler
                0x0000000008001de8                I2C1_ER_IRQHandler
                0x0000000008001de8                FMC_IRQHandler
                0x0000000008001de8                SWPMI1_IRQHandler
                0x0000000008001de8                LPTIM1_IRQHandler
                0x0000000008001de8                SAI1_IRQHandler
                0x0000000008001de8                DMA2_Channel3_IRQHandler
 *fill*         0x0000000008001dea        0x2 
 .text.HAL_InitTick
                0x0000000008001dec       0x4c ./Drivers/STM32L4xx_HAL_Driver/Src/stm32l4xx_hal.o
                0x0000000008001dec                HAL_InitTick
 .text.HAL_Init
                0x0000000008001e38       0x30 ./Drivers/STM32L4xx_HAL_Driver/Src/stm32l4xx_hal.o
                0x0000000008001e38                HAL_Init
 .text.HAL_IncTick
                0x0000000008001e68       0x18 ./Drivers/STM32L4xx_HAL_Driver/Src/stm32l4xx_hal.o
                0x0000000008001e68                HAL_IncTick
 .text.HAL_GetTick
                0x0000000008001e80        0xc ./Drivers/STM32L4xx_HAL_Driver/Src/stm32l4xx_hal.o
                0x0000000008001e80                HAL_GetTick
 .text.HAL_Delay
                0x0000000008001e8c       0x24 ./Drivers/STM32L4xx_HAL_Driver/Src/stm32l4xx_hal.o
                0x0000000008001e8c                HAL_Delay
 .text.HAL_NVIC_SetPriorityGrouping
                0x0000000008001eb0       0x24 ./Drivers/STM32L4xx_HAL_Driver/Src/stm32l4xx_hal_cortex.o
                0x0000000008001eb0                HAL_NVIC_SetPriorityGrouping
 .text.HAL_NVIC_SetPriority
                0x0000000008001ed4       0x7c ./Drivers/STM32L4xx_HAL_Driver/Src/stm32l4xx_hal_cortex.o
                0x0000000008001ed4                HAL_NVIC_SetPriority
 .text.HAL_NVIC_EnableIRQ
                0x0000000008001f50       0x1c ./Drivers/STM32L4xx_HAL_Driver/Src/stm32l4xx_hal_cortex.o
                0x0000000008001f50                HAL_NVIC_EnableIRQ
 .text.HAL_SYSTICK_Config
                0x0000000008001f6c       0x34 ./Drivers/STM32L4xx_HAL_Driver/Src/stm32l4xx_hal_cortex.o
                0x0000000008001f6c                HAL_SYSTICK_Config
 .text.HAL_DAC_Init
                0x0000000008001fa0       0x2c ./Drivers/STM32L4xx_HAL_Driver/Src/stm32l4xx_hal_dac.o
                0x0000000008001fa0                HAL_DAC_Init
 .text.HAL_DAC_Start
                0x0000000008001fcc       0x5c ./Drivers/STM32L4xx_HAL_Driver/Src/stm32l4xx_hal_dac.o
                0x0000000008001fcc                HAL_DAC_Start
 .text.HAL_DAC_SetValue
                0x0000000008002028       0x30 ./Drivers/STM32L4xx_HAL_Driver/Src/stm32l4xx_hal_dac.o
                0x0000000008002028                HAL_DAC_SetValue
 .text.HAL_DAC_DMAUnderrunCallbackCh1
                0x0000000008002058        0x4 ./Drivers/STM32L4xx_HAL_Driver/Src/stm32l4xx_hal_dac.o
                0x0000000008002058                HAL_DAC_DMAUnderrunCallbackCh1
 .text.HAL_DAC_IRQHandler
                0x000000000800205c       0x68 ./Drivers/STM32L4xx_HAL_Driver/Src/stm32l4xx_hal_dac.o
                0x000000000800205c                HAL_DAC_IRQHandler
 .text.HAL_DAC_ConfigChannel
                0x00000000080020c4      0x12c ./Drivers/STM32L4xx_HAL_Driver/Src/stm32l4xx_hal_dac.o
                0x00000000080020c4                HAL_DAC_ConfigChannel
 .text.HAL_DACEx_DMAUnderrunCallbackCh2
                0x00000000080021f0        0x4 ./Drivers/STM32L4xx_HAL_Driver/Src/stm32l4xx_hal_dac_ex.o
                0x00000000080021f0                HAL_DACEx_DMAUnderrunCallbackCh2
 .text.HAL_DMA_Abort
                0x00000000080021f4       0x4c ./Drivers/STM32L4xx_HAL_Driver/Src/stm32l4xx_hal_dma.o
                0x00000000080021f4                HAL_DMA_Abort
 .text.HAL_DMA_Abort_IT
                0x0000000008002240       0x4c ./Drivers/STM32L4xx_HAL_Driver/Src/stm32l4xx_hal_dma.o
                0x0000000008002240                HAL_DMA_Abort_IT
 .text.HAL_GPIO_Init
                0x000000000800228c      0x204 ./Drivers/STM32L4xx_HAL_Driver/Src/stm32l4xx_hal_gpio.o
                0x000000000800228c                HAL_GPIO_Init
 .text.HAL_GPIO_ReadPin
                0x0000000008002490        0xc ./Drivers/STM32L4xx_HAL_Driver/Src/stm32l4xx_hal_gpio.o
                0x0000000008002490                HAL_GPIO_ReadPin
 .text.HAL_GPIO_EXTI_IRQHandler
                0x000000000800249c       0x18 ./Drivers/STM32L4xx_HAL_Driver/Src/stm32l4xx_hal_gpio.o
                0x000000000800249c                HAL_GPIO_EXTI_IRQHandler
 .text.I2C_WaitOnSTOPFlagUntilTimeout
                0x00000000080024b4      0x178 ./Drivers/STM32L4xx_HAL_Driver/Src/stm32l4xx_hal_i2c.o
 .text.HAL_I2C_Init
                0x000000000800262c       0xb4 ./Drivers/STM32L4xx_HAL_Driver/Src/stm32l4xx_hal_i2c.o
                0x000000000800262c                HAL_I2C_Init
 .text.HAL_I2C_Master_Transmit
                0x00000000080026e0      0x334 ./Drivers/STM32L4xx_HAL_Driver/Src/stm32l4xx_hal_i2c.o
                0x00000000080026e0                HAL_I2C_Master_Transmit
 .text.HAL_I2CEx_ConfigAnalogFilter
                0x0000000008002a14       0x54 ./Drivers/STM32L4xx_HAL_Driver/Src/stm32l4xx_hal_i2c_ex.o
                0x0000000008002a14                HAL_I2CEx_ConfigAnalogFilter
 .text.HAL_I2CEx_ConfigDigitalFilter
                0x0000000008002a68       0x58 ./Drivers/STM32L4xx_HAL_Driver/Src/stm32l4xx_hal_i2c_ex.o
                0x0000000008002a68                HAL_I2CEx_ConfigDigitalFilter
 .text.HAL_PWREx_GetVoltageRange
                0x0000000008002ac0       0x10 ./Drivers/STM32L4xx_HAL_Driver/Src/stm32l4xx_hal_pwr_ex.o
                0x0000000008002ac0                HAL_PWREx_GetVoltageRange
 .text.HAL_PWREx_ControlVoltageScaling
                0x0000000008002ad0       0x84 ./Drivers/STM32L4xx_HAL_Driver/Src/stm32l4xx_hal_pwr_ex.o
                0x0000000008002ad0                HAL_PWREx_ControlVoltageScaling
 .text.RCC_SetFlashLatencyFromMSIRange
                0x0000000008002b54       0x8c ./Drivers/STM32L4xx_HAL_Driver/Src/stm32l4xx_hal_rcc.o
 .text.HAL_RCC_GetSysClockFreq
                0x0000000008002be0       0xb4 ./Drivers/STM32L4xx_HAL_Driver/Src/stm32l4xx_hal_rcc.o
                0x0000000008002be0                HAL_RCC_GetSysClockFreq
 .text.HAL_RCC_OscConfig
                0x0000000008002c94      0x5d0 ./Drivers/STM32L4xx_HAL_Driver/Src/stm32l4xx_hal_rcc.o
                0x0000000008002c94                HAL_RCC_OscConfig
 .text.HAL_RCC_ClockConfig
                0x0000000008003264      0x168 ./Drivers/STM32L4xx_HAL_Driver/Src/stm32l4xx_hal_rcc.o
                0x0000000008003264                HAL_RCC_ClockConfig
 .text.HAL_RCC_GetPCLK1Freq
                0x00000000080033cc       0x24 ./Drivers/STM32L4xx_HAL_Driver/Src/stm32l4xx_hal_rcc.o
                0x00000000080033cc                HAL_RCC_GetPCLK1Freq
 .text.HAL_RCC_GetPCLK2Freq
                0x00000000080033f0       0x24 ./Drivers/STM32L4xx_HAL_Driver/Src/stm32l4xx_hal_rcc.o
                0x00000000080033f0                HAL_RCC_GetPCLK2Freq
 .text.RCCEx_PLLSAI1_Config
                0x0000000008003414      0x124 ./Drivers/STM32L4xx_HAL_Driver/Src/stm32l4xx_hal_rcc_ex.o
 .text.RCCEx_PLLSAI2_Config
                0x0000000008003538      0x104 ./Drivers/STM32L4xx_HAL_Driver/Src/stm32l4xx_hal_rcc_ex.o
 .text.HAL_RCCEx_PeriphCLKConfig
                0x000000000800363c      0x440 ./Drivers/STM32L4xx_HAL_Driver/Src/stm32l4xx_hal_rcc_ex.o
                0x000000000800363c                HAL_RCCEx_PeriphCLKConfig
 .text.HAL_TIM_Base_Init
                0x0000000008003a7c      0x118 ./Drivers/STM32L4xx_HAL_Driver/Src/stm32l4xx_hal_tim.o
                0x0000000008003a7c                HAL_TIM_Base_Init
 .text.HAL_TIM_Base_Start_IT
                0x0000000008003b94       0x7c ./Drivers/STM32L4xx_HAL_Driver/Src/stm32l4xx_hal_tim.o
                0x0000000008003b94                HAL_TIM_Base_Start_IT
 .text.HAL_TIM_ConfigClockSource
                0x0000000008003c10      0x160 ./Drivers/STM32L4xx_HAL_Driver/Src/stm32l4xx_hal_tim.o
                0x0000000008003c10                HAL_TIM_ConfigClockSource
 .text.HAL_TIM_OC_DelayElapsedCallback
                0x0000000008003d70        0x4 ./Drivers/STM32L4xx_HAL_Driver/Src/stm32l4xx_hal_tim.o
                0x0000000008003d70                HAL_TIM_OC_DelayElapsedCallback
 .text.HAL_TIM_IC_CaptureCallback
                0x0000000008003d74        0x4 ./Drivers/STM32L4xx_HAL_Driver/Src/stm32l4xx_hal_tim.o
                0x0000000008003d74                HAL_TIM_IC_CaptureCallback
 .text.HAL_TIM_PWM_PulseFinishedCallback
                0x0000000008003d78        0x4 ./Drivers/STM32L4xx_HAL_Driver/Src/stm32l4xx_hal_tim.o
                0x0000000008003d78                HAL_TIM_PWM_PulseFinishedCallback
 .text.HAL_TIM_TriggerCallback
                0x0000000008003d7c        0x4 ./Drivers/STM32L4xx_HAL_Driver/Src/stm32l4xx_hal_tim.o
                0x0000000008003d7c                HAL_TIM_TriggerCallback
 .text.HAL_TIM_IRQHandler
                0x0000000008003d80      0x154 ./Drivers/STM32L4xx_HAL_Driver/Src/stm32l4xx_hal_tim.o
                0x0000000008003d80                HAL_TIM_IRQHandler
 .text.HAL_TIMEx_MasterConfigSynchronization
                0x0000000008003ed4       0x94 ./Drivers/STM32L4xx_HAL_Driver/Src/stm32l4xx_hal_tim_ex.o
                0x0000000008003ed4                HAL_TIMEx_MasterConfigSynchronization
 .text.HAL_TIMEx_CommutCallback
                0x0000000008003f68        0x4 ./Drivers/STM32L4xx_HAL_Driver/Src/stm32l4xx_hal_tim_ex.o
                0x0000000008003f68                HAL_TIMEx_CommutCallback
 .text.HAL_TIMEx_BreakCallback
                0x0000000008003f6c        0x4 ./Drivers/STM32L4xx_HAL_Driver/Src/stm32l4xx_hal_tim_ex.o
                0x0000000008003f6c                HAL_TIMEx_BreakCallback
 .text.HAL_TIMEx_Break2Callback
                0x0000000008003f70        0x4 ./Drivers/STM32L4xx_HAL_Driver/Src/stm32l4xx_hal_tim_ex.o
                0x0000000008003f70                HAL_TIMEx_Break2Callback
 .text.HAL_UART_TxCpltCallback
                0x0000000008003f74        0x4 ./Drivers/STM32L4xx_HAL_Driver/Src/stm32l4xx_hal_uart.o
                0x0000000008003f74                HAL_UART_TxCpltCallback
 .text.HAL_UART_ErrorCallback
                0x0000000008003f78        0x4 ./Drivers/STM32L4xx_HAL_Driver/Src/stm32l4xx_hal_uart.o
                0x0000000008003f78                HAL_UART_ErrorCallback
 .text.UART_DMAAbortOnError
                0x0000000008003f7c       0x14 ./Drivers/STM32L4xx_HAL_Driver/Src/stm32l4xx_hal_uart.o
 .text.HAL_UARTEx_RxEventCallback
                0x0000000008003f90        0x4 ./Drivers/STM32L4xx_HAL_Driver/Src/stm32l4xx_hal_uart.o
                0x0000000008003f90                HAL_UARTEx_RxEventCallback
 .text.HAL_UART_IRQHandler
                0x0000000008003f94      0x318 ./Drivers/STM32L4xx_HAL_Driver/Src/stm32l4xx_hal_uart.o
                0x0000000008003f94                HAL_UART_IRQHandler
 .text.UART_SetConfig
                0x00000000080042ac      0x2c8 ./Drivers/STM32L4xx_HAL_Driver/Src/stm32l4xx_hal_uart.o
                0x00000000080042ac                UART_SetConfig
 .text.UART_AdvFeatureConfig
                0x0000000008004574       0xb0 ./Drivers/STM32L4xx_HAL_Driver/Src/stm32l4xx_hal_uart.o
                0x0000000008004574                UART_AdvFeatureConfig
 .text.UART_CheckIdleState
                0x0000000008004624      0x254 ./Drivers/STM32L4xx_HAL_Driver/Src/stm32l4xx_hal_uart.o
                0x0000000008004624                UART_CheckIdleState
 .text.HAL_UART_Init
                0x0000000008004878       0x64 ./Drivers/STM32L4xx_HAL_Driver/Src/stm32l4xx_hal_uart.o
                0x0000000008004878                HAL_UART_Init
 .text.HAL_UARTEx_WakeupCallback
                0x00000000080048dc        0x4 ./Drivers/STM32L4xx_HAL_Driver/Src/stm32l4xx_hal_uart_ex.o
                0x00000000080048dc                HAL_UARTEx_WakeupCallback
 .text.memset   0x00000000080048e0       0x10 C:/ST/STM32CubeIDE_1.14.1/STM32CubeIDE/plugins/com.st.stm32cube.ide.mcu.externaltools.gnu-tools-for-stm32.11.3.rel1.win32_1.1.100.202309141235/tools/bin/../lib/gcc/arm-none-eabi/11.3.1/../../../../arm-none-eabi/lib/thumb/v7e-m+fp/hard\libc_nano.a(libc_a-memset.o)
                0x00000000080048e0                memset
 .text.__libc_init_array
                0x00000000080048f0       0x48 C:/ST/STM32CubeIDE_1.14.1/STM32CubeIDE/plugins/com.st.stm32cube.ide.mcu.externaltools.gnu-tools-for-stm32.11.3.rel1.win32_1.1.100.202309141235/tools/bin/../lib/gcc/arm-none-eabi/11.3.1/../../../../arm-none-eabi/lib/thumb/v7e-m+fp/hard\libc_nano.a(libc_a-init.o)
                0x00000000080048f0                __libc_init_array
 *(.glue_7)
 .glue_7        0x0000000008004938        0x0 linker stubs
 *(.glue_7t)
 .glue_7t       0x0000000008004938        0x0 linker stubs
 *(.eh_frame)
 .eh_frame      0x0000000008004938        0x0 C:/ST/STM32CubeIDE_1.14.1/STM32CubeIDE/plugins/com.st.stm32cube.ide.mcu.externaltools.gnu-tools-for-stm32.11.3.rel1.win32_1.1.100.202309141235/tools/bin/../lib/gcc/arm-none-eabi/11.3.1/thumb/v7e-m+fp/hard/crtbegin.o
 *(.init)
 .init          0x0000000008004938        0x4 C:/ST/STM32CubeIDE_1.14.1/STM32CubeIDE/plugins/com.st.stm32cube.ide.mcu.externaltools.gnu-tools-for-stm32.11.3.rel1.win32_1.1.100.202309141235/tools/bin/../lib/gcc/arm-none-eabi/11.3.1/thumb/v7e-m+fp/hard/crti.o
                0x0000000008004938                _init
 .init          0x000000000800493c        0x8 C:/ST/STM32CubeIDE_1.14.1/STM32CubeIDE/plugins/com.st.stm32cube.ide.mcu.externaltools.gnu-tools-for-stm32.11.3.rel1.win32_1.1.100.202309141235/tools/bin/../lib/gcc/arm-none-eabi/11.3.1/thumb/v7e-m+fp/hard/crtn.o
 *(.fini)
 .fini          0x0000000008004944        0x4 C:/ST/STM32CubeIDE_1.14.1/STM32CubeIDE/plugins/com.st.stm32cube.ide.mcu.externaltools.gnu-tools-for-stm32.11.3.rel1.win32_1.1.100.202309141235/tools/bin/../lib/gcc/arm-none-eabi/11.3.1/thumb/v7e-m+fp/hard/crti.o
                0x0000000008004944                _fini
 .fini          0x0000000008004948        0x8 C:/ST/STM32CubeIDE_1.14.1/STM32CubeIDE/plugins/com.st.stm32cube.ide.mcu.externaltools.gnu-tools-for-stm32.11.3.rel1.win32_1.1.100.202309141235/tools/bin/../lib/gcc/arm-none-eabi/11.3.1/thumb/v7e-m+fp/hard/crtn.o
                0x0000000008004950                . = ALIGN (0x4)
                0x0000000008004950                _etext = .

.vfp11_veneer   0x0000000008004950        0x0
 .vfp11_veneer  0x0000000008004950        0x0 linker stubs

.v4_bx          0x0000000008004950        0x0
 .v4_bx         0x0000000008004950        0x0 linker stubs

.iplt           0x0000000008004950        0x0
 .iplt          0x0000000008004950        0x0 C:/ST/STM32CubeIDE_1.14.1/STM32CubeIDE/plugins/com.st.stm32cube.ide.mcu.externaltools.gnu-tools-for-stm32.11.3.rel1.win32_1.1.100.202309141235/tools/bin/../lib/gcc/arm-none-eabi/11.3.1/thumb/v7e-m+fp/hard/crtbegin.o

.rodata         0x0000000008004950    0x34f70
                0x0000000008004950                . = ALIGN (0x4)
 *(.rodata)
 *(.rodata*)
 .rodata.menu_init.str1.4
                0x0000000008004950       0x68 ./Core/Src/menu.o
 .rodata.AHBPrescTable
                0x00000000080049b8       0x10 ./Core/Src/system_stm32l4xx.o
                0x00000000080049b8                AHBPrescTable
 .rodata.APBPrescTable
                0x00000000080049c8        0x8 ./Core/Src/system_stm32l4xx.o
                0x00000000080049c8                APBPrescTable
 .rodata.MSIRangeTable
                0x00000000080049d0       0x30 ./Core/Src/system_stm32l4xx.o
                0x00000000080049d0                MSIRangeTable
 .rodata.A_1_TABLE
                0x0000000008004a00     0x1c6c ./Core/Src/tranposition.o
                0x0000000008004a00                A_1_TABLE
 .rodata.A_2_TABLE
                0x000000000800666c      0xe38 ./Core/Src/tranposition.o
                0x000000000800666c                A_2_TABLE
 .rodata.A_3_TABLE
                0x00000000080074a4      0x71c ./Core/Src/tranposition.o
                0x00000000080074a4                A_3_TABLE
 .rodata.A_4_TABLE
                0x0000000008007bc0      0x390 ./Core/Src/tranposition.o
                0x0000000008007bc0                A_4_TABLE
 .rodata.A_5_TABLE
                0x0000000008007f50      0x1c8 ./Core/Src/tranposition.o
                0x0000000008007f50                A_5_TABLE
 .rodata.A_6_TABLE
                0x0000000008008118       0xe4 ./Core/Src/tranposition.o
                0x0000000008008118                A_6_TABLE
 .rodata.A_7_TABLE
                0x00000000080081fc       0x74 ./Core/Src/tranposition.o
                0x00000000080081fc                A_7_TABLE
 .rodata.A_SAMPLES
                0x0000000008008270       0x1c ./Core/Src/tranposition.o
                0x0000000008008270                A_SAMPLES
 .rodata.As_1_TABLE
                0x000000000800828c     0x1ad4 ./Core/Src/tranposition.o
                0x000000000800828c                As_1_TABLE
 .rodata.As_2_TABLE
                0x0000000008009d60      0xd6c ./Core/Src/tranposition.o
                0x0000000008009d60                As_2_TABLE
 .rodata.As_3_TABLE
                0x000000000800aacc      0x6b8 ./Core/Src/tranposition.o
                0x000000000800aacc                As_3_TABLE
 .rodata.As_4_TABLE
                0x000000000800b184      0x35c ./Core/Src/tranposition.o
                0x000000000800b184                As_4_TABLE
 .rodata.As_5_TABLE
                0x000000000800b4e0      0x1b0 ./Core/Src/tranposition.o
                0x000000000800b4e0                As_5_TABLE
 .rodata.As_6_TABLE
                0x000000000800b690       0xd8 ./Core/Src/tranposition.o
                0x000000000800b690                As_6_TABLE
 .rodata.As_7_TABLE
                0x000000000800b768       0x6c ./Core/Src/tranposition.o
                0x000000000800b768                As_7_TABLE
 .rodata.As_SAMPLES
                0x000000000800b7d4       0x1c ./Core/Src/tranposition.o
                0x000000000800b7d4                As_SAMPLES
 .rodata.B_1_TABLE
                0x000000000800b7f0     0x1950 ./Core/Src/tranposition.o
                0x000000000800b7f0                B_1_TABLE
 .rodata.B_2_TABLE
                0x000000000800d140      0xca8 ./Core/Src/tranposition.o
                0x000000000800d140                B_2_TABLE
 .rodata.B_3_TABLE
                0x000000000800dde8      0x654 ./Core/Src/tranposition.o
                0x000000000800dde8                B_3_TABLE
 .rodata.B_4_TABLE
                0x000000000800e43c      0x32c ./Core/Src/tranposition.o
                0x000000000800e43c                B_4_TABLE
 .rodata.B_5_TABLE
                0x000000000800e768      0x198 ./Core/Src/tranposition.o
                0x000000000800e768                B_5_TABLE
 .rodata.B_6_TABLE
                0x000000000800e900       0xcc ./Core/Src/tranposition.o
                0x000000000800e900                B_6_TABLE
 .rodata.B_7_TABLE
                0x000000000800e9cc       0x68 ./Core/Src/tranposition.o
                0x000000000800e9cc                B_7_TABLE
 .rodata.B_SAMPLES
                0x000000000800ea34       0x1c ./Core/Src/tranposition.o
                0x000000000800ea34                B_SAMPLES
 .rodata.C_1_TABLE
                0x000000000800ea50     0x2fcc ./Core/Src/tranposition.o
                0x000000000800ea50                C_1_TABLE
 .rodata.C_2_TABLE
                0x0000000008011a1c     0x17e4 ./Core/Src/tranposition.o
                0x0000000008011a1c                C_2_TABLE
 .rodata.C_3_TABLE
                0x0000000008013200      0xbf4 ./Core/Src/tranposition.o
                0x0000000008013200                C_3_TABLE
 .rodata.C_4_TABLE
                0x0000000008013df4      0x5fc ./Core/Src/tranposition.o
                0x0000000008013df4                C_4_TABLE
 .rodata.C_5_TABLE
                0x00000000080143f0      0x300 ./Core/Src/tranposition.o
                0x00000000080143f0                C_5_TABLE
 .rodata.C_6_TABLE
                0x00000000080146f0      0x180 ./Core/Src/tranposition.o
                0x00000000080146f0                C_6_TABLE
 .rodata.C_7_TABLE
                0x0000000008014870       0xc0 ./Core/Src/tranposition.o
                0x0000000008014870                C_7_TABLE
 .rodata.C_SAMPLES
                0x0000000008014930       0x1c ./Core/Src/tranposition.o
                0x0000000008014930                C_SAMPLES
 .rodata.Cs_1_TABLE
                0x000000000801494c     0x2d1c ./Core/Src/tranposition.o
                0x000000000801494c                Cs_1_TABLE
 .rodata.Cs_2_TABLE
                0x0000000008017668     0x1690 ./Core/Src/tranposition.o
                0x0000000008017668                Cs_2_TABLE
 .rodata.Cs_3_TABLE
                0x0000000008018cf8      0xb48 ./Core/Src/tranposition.o
                0x0000000008018cf8                Cs_3_TABLE
 .rodata.Cs_4_TABLE
                0x0000000008019840      0x5a4 ./Core/Src/tranposition.o
                0x0000000008019840                Cs_4_TABLE
 .rodata.Cs_5_TABLE
                0x0000000008019de4      0x2d4 ./Core/Src/tranposition.o
                0x0000000008019de4                Cs_5_TABLE
 .rodata.Cs_6_TABLE
                0x000000000801a0b8      0x16c ./Core/Src/tranposition.o
                0x000000000801a0b8                Cs_6_TABLE
 .rodata.Cs_7_TABLE
                0x000000000801a224       0xb8 ./Core/Src/tranposition.o
                0x000000000801a224                Cs_7_TABLE
 .rodata.Cs_SAMPLES
                0x000000000801a2dc       0x1c ./Core/Src/tranposition.o
                0x000000000801a2dc                Cs_SAMPLES
 .rodata.D_1_TABLE
                0x000000000801a2f8     0x2a94 ./Core/Src/tranposition.o
                0x000000000801a2f8                D_1_TABLE
 .rodata.D_2_TABLE
                0x000000000801cd8c     0x154c ./Core/Src/tranposition.o
                0x000000000801cd8c                D_2_TABLE
 .rodata.D_3_TABLE
                0x000000000801e2d8      0xaa8 ./Core/Src/tranposition.o
                0x000000000801e2d8                D_3_TABLE
 .rodata.D_4_TABLE
                0x000000000801ed80      0x554 ./Core/Src/tranposition.o
                0x000000000801ed80                D_4_TABLE
 .rodata.D_5_TABLE
                0x000000000801f2d4      0x2ac ./Core/Src/tranposition.o
                0x000000000801f2d4                D_5_TABLE
 .rodata.D_6_TABLE
                0x000000000801f580      0x158 ./Core/Src/tranposition.o
                0x000000000801f580                D_6_TABLE
 .rodata.D_7_TABLE
                0x000000000801f6d8       0xac ./Core/Src/tranposition.o
                0x000000000801f6d8                D_7_TABLE
 .rodata.D_SAMPLES
                0x000000000801f784       0x1c ./Core/Src/tranposition.o
                0x000000000801f784                D_SAMPLES
 .rodata.Ds_1_TABLE
                0x000000000801f7a0     0x2830 ./Core/Src/tranposition.o
                0x000000000801f7a0                Ds_1_TABLE
 .rodata.Ds_2_TABLE
                0x0000000008021fd0     0x1418 ./Core/Src/tranposition.o
                0x0000000008021fd0                Ds_2_TABLE
 .rodata.Ds_3_TABLE
                0x00000000080233e8      0xa0c ./Core/Src/tranposition.o
                0x00000000080233e8                Ds_3_TABLE
 .rodata.Ds_4_TABLE
                0x0000000008023df4      0x508 ./Core/Src/tranposition.o
                0x0000000008023df4                Ds_4_TABLE
 .rodata.Ds_5_TABLE
                0x00000000080242fc      0x284 ./Core/Src/tranposition.o
                0x00000000080242fc                Ds_5_TABLE
 .rodata.Ds_6_TABLE
                0x0000000008024580      0x144 ./Core/Src/tranposition.o
                0x0000000008024580                Ds_6_TABLE
 .rodata.Ds_7_TABLE
                0x00000000080246c4       0xa4 ./Core/Src/tranposition.o
                0x00000000080246c4                Ds_7_TABLE
 .rodata.Ds_SAMPLES
                0x0000000008024768       0x1c ./Core/Src/tranposition.o
                0x0000000008024768                Ds_SAMPLES
 .rodata.E_1_TABLE
                0x0000000008024784     0x25f0 ./Core/Src/tranposition.o
                0x0000000008024784                E_1_TABLE
 .rodata.E_2_TABLE
                0x0000000008026d74     0x12f8 ./Core/Src/tranposition.o
                0x0000000008026d74                E_2_TABLE
 .rodata.E_3_TABLE
                0x000000000802806c      0x97c ./Core/Src/tranposition.o
                0x000000000802806c                E_3_TABLE
 .rodata.E_4_TABLE
                0x00000000080289e8      0x4c0 ./Core/Src/tranposition.o
                0x00000000080289e8                E_4_TABLE
 .rodata.E_5_TABLE
                0x0000000008028ea8      0x260 ./Core/Src/tranposition.o
                0x0000000008028ea8                E_5_TABLE
 .rodata.E_6_TABLE
                0x0000000008029108      0x130 ./Core/Src/tranposition.o
                0x0000000008029108                E_6_TABLE
 .rodata.E_7_TABLE
                0x0000000008029238       0x98 ./Core/Src/tranposition.o
                0x0000000008029238                E_7_TABLE
 .rodata.E_SAMPLES
                0x00000000080292d0       0x1c ./Core/Src/tranposition.o
                0x00000000080292d0                E_SAMPLES
 .rodata.F_1_TABLE
                0x00000000080292ec     0x23cc ./Core/Src/tranposition.o
                0x00000000080292ec                F_1_TABLE
 .rodata.F_2_TABLE
                0x000000000802b6b8     0x11e8 ./Core/Src/tranposition.o
                0x000000000802b6b8                F_2_TABLE
 .rodata.F_3_TABLE
                0x000000000802c8a0      0x8f4 ./Core/Src/tranposition.o
                0x000000000802c8a0                F_3_TABLE
 .rodata.F_4_TABLE
                0x000000000802d194      0x47c ./Core/Src/tranposition.o
                0x000000000802d194                F_4_TABLE
 .rodata.F_5_TABLE
                0x000000000802d610      0x240 ./Core/Src/tranposition.o
                0x000000000802d610                F_5_TABLE
 .rodata.F_6_TABLE
                0x000000000802d850      0x120 ./Core/Src/tranposition.o
                0x000000000802d850                F_6_TABLE
 .rodata.F_7_TABLE
                0x000000000802d970       0x90 ./Core/Src/tranposition.o
                0x000000000802d970                F_7_TABLE
 .rodata.F_SAMPLES
                0x000000000802da00       0x1c ./Core/Src/tranposition.o
                0x000000000802da00                F_SAMPLES
 .rodata.Fs_1_TABLE
                0x000000000802da1c     0x21cc ./Core/Src/tranposition.o
                0x000000000802da1c                Fs_1_TABLE
 .rodata.Fs_2_TABLE
                0x000000000802fbe8     0x10e8 ./Core/Src/tranposition.o
                0x000000000802fbe8                Fs_2_TABLE
 .rodata.Fs_3_TABLE
                0x0000000008030cd0      0x874 ./Core/Src/tranposition.o
                0x0000000008030cd0                Fs_3_TABLE
 .rodata.Fs_4_TABLE
                0x0000000008031544      0x43c ./Core/Src/tranposition.o
                0x0000000008031544                Fs_4_TABLE
 .rodata.Fs_5_TABLE
                0x0000000008031980      0x220 ./Core/Src/tranposition.o
                0x0000000008031980                Fs_5_TABLE
 .rodata.Fs_6_TABLE
                0x0000000008031ba0      0x110 ./Core/Src/tranposition.o
                0x0000000008031ba0                Fs_6_TABLE
 .rodata.Fs_7_TABLE
                0x0000000008031cb0       0x88 ./Core/Src/tranposition.o
                0x0000000008031cb0                Fs_7_TABLE
 .rodata.Fs_SAMPLES
                0x0000000008031d38       0x1c ./Core/Src/tranposition.o
                0x0000000008031d38                Fs_SAMPLES
 .rodata.G_1_TABLE
                0x0000000008031d54     0x1fe4 ./Core/Src/tranposition.o
                0x0000000008031d54                G_1_TABLE
 .rodata.G_2_TABLE
                0x0000000008033d38      0xff4 ./Core/Src/tranposition.o
                0x0000000008033d38                G_2_TABLE
 .rodata.G_3_TABLE
                0x0000000008034d2c      0x7fc ./Core/Src/tranposition.o
                0x0000000008034d2c                G_3_TABLE
 .rodata.G_4_TABLE
                0x0000000008035528      0x400 ./Core/Src/tranposition.o
                0x0000000008035528                G_4_TABLE
 .rodata.G_5_TABLE
                0x0000000008035928      0x200 ./Core/Src/tranposition.o
                0x0000000008035928                G_5_TABLE
 .rodata.G_6_TABLE
                0x0000000008035b28      0x100 ./Core/Src/tranposition.o
                0x0000000008035b28                G_6_TABLE
 .rodata.G_7_TABLE
                0x0000000008035c28       0x80 ./Core/Src/tranposition.o
                0x0000000008035c28                G_7_TABLE
 .rodata.G_SAMPLES
                0x0000000008035ca8       0x1c ./Core/Src/tranposition.o
                0x0000000008035ca8                G_SAMPLES
 .rodata.Gs_1_TABLE
                0x0000000008035cc4     0x1e1c ./Core/Src/tranposition.o
                0x0000000008035cc4                Gs_1_TABLE
 .rodata.Gs_2_TABLE
                0x0000000008037ae0      0xf10 ./Core/Src/tranposition.o
                0x0000000008037ae0                Gs_2_TABLE
 .rodata.Gs_3_TABLE
                0x00000000080389f0      0x788 ./Core/Src/tranposition.o
                0x00000000080389f0                Gs_3_TABLE
 .rodata.Gs_4_TABLE
                0x0000000008039178      0x3c4 ./Core/Src/tranposition.o
                0x0000000008039178                Gs_4_TABLE
 .rodata.Gs_5_TABLE
                0x000000000803953c      0x1e4 ./Core/Src/tranposition.o
                0x000000000803953c                Gs_5_TABLE
 .rodata.Gs_6_TABLE
                0x0000000008039720       0xf4 ./Core/Src/tranposition.o
                0x0000000008039720                Gs_6_TABLE
 .rodata.Gs_7_TABLE
                0x0000000008039814       0x7c ./Core/Src/tranposition.o
                0x0000000008039814                Gs_7_TABLE
 .rodata.Gs_SAMPLES
                0x0000000008039890       0x1c ./Core/Src/tranposition.o
                0x0000000008039890                Gs_SAMPLES
 .rodata.CSWTCH.53
                0x00000000080398ac        0x3 ./Drivers/STM32L4xx_HAL_Driver/Src/stm32l4xx_hal_uart.o
 *fill*         0x00000000080398af        0x1 
 .rodata.CSWTCH.54
                0x00000000080398b0        0xd ./Drivers/STM32L4xx_HAL_Driver/Src/stm32l4xx_hal_uart.o
                0x00000000080398c0                . = ALIGN (0x4)
 *fill*         0x00000000080398bd        0x3 

.ARM.extab      0x00000000080398c0        0x0
                0x00000000080398c0                . = ALIGN (0x4)
 *(.ARM.extab* .gnu.linkonce.armextab.*)
                0x00000000080398c0                . = ALIGN (0x4)

.ARM            0x00000000080398c0        0x8
                0x00000000080398c0                . = ALIGN (0x4)
                0x00000000080398c0                __exidx_start = .
 *(.ARM.exidx*)
 .ARM.exidx     0x00000000080398c0        0x8 C:/ST/STM32CubeIDE_1.14.1/STM32CubeIDE/plugins/com.st.stm32cube.ide.mcu.externaltools.gnu-tools-for-stm32.11.3.rel1.win32_1.1.100.202309141235/tools/bin/../lib/gcc/arm-none-eabi/11.3.1/thumb/v7e-m+fp/hard\libgcc.a(_udivmoddi4.o)
                0x00000000080398c8                __exidx_end = .
                0x00000000080398c8                . = ALIGN (0x4)

.rel.dyn        0x00000000080398c8        0x0
 .rel.iplt      0x00000000080398c8        0x0 C:/ST/STM32CubeIDE_1.14.1/STM32CubeIDE/plugins/com.st.stm32cube.ide.mcu.externaltools.gnu-tools-for-stm32.11.3.rel1.win32_1.1.100.202309141235/tools/bin/../lib/gcc/arm-none-eabi/11.3.1/thumb/v7e-m+fp/hard/crtbegin.o

.preinit_array  0x00000000080398c8        0x0
                0x00000000080398c8                . = ALIGN (0x4)
                0x00000000080398c8                PROVIDE (__preinit_array_start = .)
 *(.preinit_array*)
                0x00000000080398c8                PROVIDE (__preinit_array_end = .)
                0x00000000080398c8                . = ALIGN (0x4)

.init_array     0x00000000080398c8        0x4
                0x00000000080398c8                . = ALIGN (0x4)
                0x00000000080398c8                PROVIDE (__init_array_start = .)
 *(SORT_BY_NAME(.init_array.*))
 *(.init_array*)
 .init_array    0x00000000080398c8        0x4 C:/ST/STM32CubeIDE_1.14.1/STM32CubeIDE/plugins/com.st.stm32cube.ide.mcu.externaltools.gnu-tools-for-stm32.11.3.rel1.win32_1.1.100.202309141235/tools/bin/../lib/gcc/arm-none-eabi/11.3.1/thumb/v7e-m+fp/hard/crtbegin.o
                0x00000000080398cc                PROVIDE (__init_array_end = .)
                0x00000000080398cc                . = ALIGN (0x4)

.fini_array     0x00000000080398cc        0x4
                0x00000000080398cc                . = ALIGN (0x4)
                [!provide]                        PROVIDE (__fini_array_start = .)
 *(SORT_BY_NAME(.fini_array.*))
 *(.fini_array*)
 .fini_array    0x00000000080398cc        0x4 C:/ST/STM32CubeIDE_1.14.1/STM32CubeIDE/plugins/com.st.stm32cube.ide.mcu.externaltools.gnu-tools-for-stm32.11.3.rel1.win32_1.1.100.202309141235/tools/bin/../lib/gcc/arm-none-eabi/11.3.1/thumb/v7e-m+fp/hard/crtbegin.o
                [!provide]                        PROVIDE (__fini_array_end = .)
                0x00000000080398d0                . = ALIGN (0x4)
                0x00000000080398d0                _sidata = LOADADDR (.data)

.data           0x0000000020000000      0x190 load address 0x00000000080398d0
                0x0000000020000000                . = ALIGN (0x4)
                0x0000000020000000                _sdata = .
 *(.data)
 *(.data*)
 .data.backlight_state
                0x0000000020000000        0x1 ./Core/Src/screen.o
                0x0000000020000000                backlight_state
 *fill*         0x0000000020000001        0x3 
 .data.decay_value_A
                0x0000000020000004        0x4 ./Core/Src/sustain.o
                0x0000000020000004                decay_value_A
 .data.decay_value_As
                0x0000000020000008        0x4 ./Core/Src/sustain.o
                0x0000000020000008                decay_value_As
 .data.decay_value_B
                0x000000002000000c        0x4 ./Core/Src/sustain.o
                0x000000002000000c                decay_value_B
 .data.decay_value_C
                0x0000000020000010        0x4 ./Core/Src/sustain.o
                0x0000000020000010                decay_value_C
 .data.decay_value_Cs
                0x0000000020000014        0x4 ./Core/Src/sustain.o
                0x0000000020000014                decay_value_Cs
 .data.decay_value_D
                0x0000000020000018        0x4 ./Core/Src/sustain.o
                0x0000000020000018                decay_value_D
 .data.decay_value_Ds
                0x000000002000001c        0x4 ./Core/Src/sustain.o
                0x000000002000001c                decay_value_Ds
 .data.decay_value_E
                0x0000000020000020        0x4 ./Core/Src/sustain.o
                0x0000000020000020                decay_value_E
 .data.decay_value_F
                0x0000000020000024        0x4 ./Core/Src/sustain.o
                0x0000000020000024                decay_value_F
 .data.decay_value_Fs
                0x0000000020000028        0x4 ./Core/Src/sustain.o
                0x0000000020000028                decay_value_Fs
 .data.decay_value_G
                0x000000002000002c        0x4 ./Core/Src/sustain.o
                0x000000002000002c                decay_value_G
 .data.decay_value_Gs
                0x0000000020000030        0x4 ./Core/Src/sustain.o
                0x0000000020000030                decay_value_Gs
 .data.SystemCoreClock
                0x0000000020000034        0x4 ./Core/Src/system_stm32l4xx.o
                0x0000000020000034                SystemCoreClock
 .data.A_TABLES
                0x0000000020000038       0x1c ./Core/Src/tranposition.o
                0x0000000020000038                A_TABLES
 .data.As_TABLES
                0x0000000020000054       0x1c ./Core/Src/tranposition.o
                0x0000000020000054                As_TABLES
 .data.B_TABLES
                0x0000000020000070       0x1c ./Core/Src/tranposition.o
                0x0000000020000070                B_TABLES
 .data.C_TABLES
                0x000000002000008c       0x1c ./Core/Src/tranposition.o
                0x000000002000008c                C_TABLES
 .data.Cs_TABLES
                0x00000000200000a8       0x1c ./Core/Src/tranposition.o
                0x00000000200000a8                Cs_TABLES
 .data.D_TABLES
                0x00000000200000c4       0x1c ./Core/Src/tranposition.o
                0x00000000200000c4                D_TABLES
 .data.Ds_TABLES
                0x00000000200000e0       0x1c ./Core/Src/tranposition.o
                0x00000000200000e0                Ds_TABLES
 .data.E_TABLES
                0x00000000200000fc       0x1c ./Core/Src/tranposition.o
                0x00000000200000fc                E_TABLES
 .data.F_TABLES
                0x0000000020000118       0x1c ./Core/Src/tranposition.o
                0x0000000020000118                F_TABLES
 .data.Fs_TABLES
                0x0000000020000134       0x1c ./Core/Src/tranposition.o
                0x0000000020000134                Fs_TABLES
 .data.G_TABLES
                0x0000000020000150       0x1c ./Core/Src/tranposition.o
                0x0000000020000150                G_TABLES
 .data.Gs_TABLES
                0x000000002000016c       0x1c ./Core/Src/tranposition.o
                0x000000002000016c                Gs_TABLES
 .data.activeOctave
                0x0000000020000188        0x1 ./Core/Src/tranposition.o
                0x0000000020000188                activeOctave
 .data.uwTickFreq
                0x0000000020000189        0x1 ./Drivers/STM32L4xx_HAL_Driver/Src/stm32l4xx_hal.o
                0x0000000020000189                uwTickFreq
 *fill*         0x000000002000018a        0x2 
 .data.uwTickPrio
                0x000000002000018c        0x4 ./Drivers/STM32L4xx_HAL_Driver/Src/stm32l4xx_hal.o
                0x000000002000018c                uwTickPrio
 *(.RamFunc)
 *(.RamFunc*)
                0x0000000020000190                . = ALIGN (0x4)
                0x0000000020000190                _edata = .

.igot.plt       0x0000000020000190        0x0 load address 0x0000000008039a60
 .igot.plt      0x0000000020000190        0x0 C:/ST/STM32CubeIDE_1.14.1/STM32CubeIDE/plugins/com.st.stm32cube.ide.mcu.externaltools.gnu-tools-for-stm32.11.3.rel1.win32_1.1.100.202309141235/tools/bin/../lib/gcc/arm-none-eabi/11.3.1/thumb/v7e-m+fp/hard/crtbegin.o
                0x0000000020000190                . = ALIGN (0x4)

.bss            0x0000000020000190      0x2f0 load address 0x0000000008039a60
                0x0000000020000190                _sbss = .
                0x0000000020000190                __bss_start__ = _sbss
 *(.bss)
 .bss           0x0000000020000190       0x1c C:/ST/STM32CubeIDE_1.14.1/STM32CubeIDE/plugins/com.st.stm32cube.ide.mcu.externaltools.gnu-tools-for-stm32.11.3.rel1.win32_1.1.100.202309141235/tools/bin/../lib/gcc/arm-none-eabi/11.3.1/thumb/v7e-m+fp/hard/crtbegin.o
 *(.bss*)
 .bss.active    0x00000000200001ac       0x30 ./Core/Src/main.o
                0x00000000200001ac                active
 .bss.hdac1     0x00000000200001dc       0x14 ./Core/Src/main.o
                0x00000000200001dc                hdac1
 .bss.hi2c1     0x00000000200001f0       0x54 ./Core/Src/main.o
                0x00000000200001f0                hi2c1
 .bss.htim15    0x0000000020000244       0x4c ./Core/Src/main.o
                0x0000000020000244                htim15
 .bss.htim16    0x0000000020000290       0x4c ./Core/Src/main.o
                0x0000000020000290                htim16
 .bss.huart2    0x00000000200002dc       0x88 ./Core/Src/main.o
                0x00000000200002dc                huart2
 .bss.my_index  0x0000000020000364       0x30 ./Core/Src/main.o
                0x0000000020000364                my_index
 .bss.sustain_A
                0x0000000020000394        0x4 ./Core/Src/main.o
                0x0000000020000394                sustain_A
 .bss.sustain_As
                0x0000000020000398        0x4 ./Core/Src/main.o
                0x0000000020000398                sustain_As
 .bss.sustain_B
                0x000000002000039c        0x4 ./Core/Src/main.o
                0x000000002000039c                sustain_B
 .bss.sustain_C
                0x00000000200003a0        0x4 ./Core/Src/main.o
                0x00000000200003a0                sustain_C
 .bss.sustain_Cs
                0x00000000200003a4        0x4 ./Core/Src/main.o
                0x00000000200003a4                sustain_Cs
 .bss.sustain_D
                0x00000000200003a8        0x4 ./Core/Src/main.o
                0x00000000200003a8                sustain_D
 .bss.sustain_Ds
                0x00000000200003ac        0x4 ./Core/Src/main.o
                0x00000000200003ac                sustain_Ds
 .bss.sustain_E
                0x00000000200003b0        0x4 ./Core/Src/main.o
                0x00000000200003b0                sustain_E
 .bss.sustain_F
                0x00000000200003b4        0x4 ./Core/Src/main.o
                0x00000000200003b4                sustain_F
 .bss.sustain_Fs
                0x00000000200003b8        0x4 ./Core/Src/main.o
                0x00000000200003b8                sustain_Fs
 .bss.sustain_G
                0x00000000200003bc        0x4 ./Core/Src/main.o
                0x00000000200003bc                sustain_G
 .bss.sustain_Gs
                0x00000000200003c0        0x4 ./Core/Src/main.o
                0x00000000200003c0                sustain_Gs
 .bss.buffer    0x00000000200003c4       0x20 ./Core/Src/menu.o
                0x00000000200003c4                buffer
 .bss.current_menu_item
                0x00000000200003e4        0x1 ./Core/Src/menu.o
 *fill*         0x00000000200003e5        0x3 
 .bss.sustain_flag
                0x00000000200003e8        0x4 ./Core/Src/menu.o
                0x00000000200003e8                sustain_flag
 .bss.decay_index_A
                0x00000000200003ec        0x4 ./Core/Src/sustain.o
                0x00000000200003ec                decay_index_A
 .bss.decay_index_As
                0x00000000200003f0        0x4 ./Core/Src/sustain.o
                0x00000000200003f0                decay_index_As
 .bss.decay_index_B
                0x00000000200003f4        0x4 ./Core/Src/sustain.o
                0x00000000200003f4                decay_index_B
 .bss.decay_index_C
                0x00000000200003f8        0x4 ./Core/Src/sustain.o
                0x00000000200003f8                decay_index_C
 .bss.decay_index_Cs
                0x00000000200003fc        0x4 ./Core/Src/sustain.o
                0x00000000200003fc                decay_index_Cs
 .bss.decay_index_D
                0x0000000020000400        0x4 ./Core/Src/sustain.o
                0x0000000020000400                decay_index_D
 .bss.decay_index_Ds
                0x0000000020000404        0x4 ./Core/Src/sustain.o
                0x0000000020000404                decay_index_Ds
 .bss.decay_index_E
                0x0000000020000408        0x4 ./Core/Src/sustain.o
                0x0000000020000408                decay_index_E
 .bss.decay_index_F
                0x000000002000040c        0x4 ./Core/Src/sustain.o
                0x000000002000040c                decay_index_F
 .bss.decay_index_Fs
                0x0000000020000410        0x4 ./Core/Src/sustain.o
                0x0000000020000410                decay_index_Fs
 .bss.decay_index_G
                0x0000000020000414        0x4 ./Core/Src/sustain.o
                0x0000000020000414                decay_index_G
 .bss.decay_index_Gs
                0x0000000020000418        0x4 ./Core/Src/sustain.o
                0x0000000020000418                decay_index_Gs
 .bss.current_A_SAMPLES
                0x000000002000041c        0x4 ./Core/Src/tranposition.o
                0x000000002000041c                current_A_SAMPLES
 .bss.current_A_TABLE
                0x0000000020000420        0x4 ./Core/Src/tranposition.o
                0x0000000020000420                current_A_TABLE
 .bss.current_As_SAMPLES
                0x0000000020000424        0x4 ./Core/Src/tranposition.o
                0x0000000020000424                current_As_SAMPLES
 .bss.current_As_TABLE
                0x0000000020000428        0x4 ./Core/Src/tranposition.o
                0x0000000020000428                current_As_TABLE
 .bss.current_B_SAMPLES
                0x000000002000042c        0x4 ./Core/Src/tranposition.o
                0x000000002000042c                current_B_SAMPLES
 .bss.current_B_TABLE
                0x0000000020000430        0x4 ./Core/Src/tranposition.o
                0x0000000020000430                current_B_TABLE
 .bss.current_C_SAMPLES
                0x0000000020000434        0x4 ./Core/Src/tranposition.o
                0x0000000020000434                current_C_SAMPLES
 .bss.current_C_TABLE
                0x0000000020000438        0x4 ./Core/Src/tranposition.o
                0x0000000020000438                current_C_TABLE
 .bss.current_Cs_SAMPLES
                0x000000002000043c        0x4 ./Core/Src/tranposition.o
                0x000000002000043c                current_Cs_SAMPLES
 .bss.current_Cs_TABLE
                0x0000000020000440        0x4 ./Core/Src/tranposition.o
                0x0000000020000440                current_Cs_TABLE
 .bss.current_D_SAMPLES
                0x0000000020000444        0x4 ./Core/Src/tranposition.o
                0x0000000020000444                current_D_SAMPLES
 .bss.current_D_TABLE
                0x0000000020000448        0x4 ./Core/Src/tranposition.o
                0x0000000020000448                current_D_TABLE
 .bss.current_Ds_SAMPLES
                0x000000002000044c        0x4 ./Core/Src/tranposition.o
                0x000000002000044c                current_Ds_SAMPLES
 .bss.current_Ds_TABLE
                0x0000000020000450        0x4 ./Core/Src/tranposition.o
                0x0000000020000450                current_Ds_TABLE
 .bss.current_E_SAMPLES
                0x0000000020000454        0x4 ./Core/Src/tranposition.o
                0x0000000020000454                current_E_SAMPLES
 .bss.current_E_TABLE
                0x0000000020000458        0x4 ./Core/Src/tranposition.o
                0x0000000020000458                current_E_TABLE
 .bss.current_F_SAMPLES
                0x000000002000045c        0x4 ./Core/Src/tranposition.o
                0x000000002000045c                current_F_SAMPLES
 .bss.current_F_TABLE
                0x0000000020000460        0x4 ./Core/Src/tranposition.o
                0x0000000020000460                current_F_TABLE
 .bss.current_Fs_SAMPLES
                0x0000000020000464        0x4 ./Core/Src/tranposition.o
                0x0000000020000464                current_Fs_SAMPLES
 .bss.current_Fs_TABLE
                0x0000000020000468        0x4 ./Core/Src/tranposition.o
                0x0000000020000468                current_Fs_TABLE
 .bss.current_G_SAMPLES
                0x000000002000046c        0x4 ./Core/Src/tranposition.o
                0x000000002000046c                current_G_SAMPLES
 .bss.current_G_TABLE
                0x0000000020000470        0x4 ./Core/Src/tranposition.o
                0x0000000020000470                current_G_TABLE
 .bss.current_Gs_SAMPLES
                0x0000000020000474        0x4 ./Core/Src/tranposition.o
                0x0000000020000474                current_Gs_SAMPLES
 .bss.current_Gs_TABLE
                0x0000000020000478        0x4 ./Core/Src/tranposition.o
                0x0000000020000478                current_Gs_TABLE
 .bss.uwTick    0x000000002000047c        0x4 ./Drivers/STM32L4xx_HAL_Driver/Src/stm32l4xx_hal.o
                0x000000002000047c                uwTick
 *(COMMON)
                0x0000000020000480                . = ALIGN (0x4)
                0x0000000020000480                _ebss = .
                0x0000000020000480                __bss_end__ = _ebss

._user_heap_stack
                0x0000000020000480      0x600 load address 0x0000000008039a60
                0x0000000020000480                . = ALIGN (0x8)
                [!provide]                        PROVIDE (end = .)
                0x0000000020000480                PROVIDE (_end = .)
                0x0000000020000680                . = (. + _Min_Heap_Size)
 *fill*         0x0000000020000480      0x200 
                0x0000000020000a80                . = (. + _Min_Stack_Size)
 *fill*         0x0000000020000680      0x400 
                0x0000000020000a80                . = ALIGN (0x8)

/DISCARD/
 libc.a(*)
 libm.a(*)
 libgcc.a(*)

.ARM.attributes
                0x0000000000000000       0x30
 *(.ARM.attributes)
 .ARM.attributes
                0x0000000000000000       0x1e C:/ST/STM32CubeIDE_1.14.1/STM32CubeIDE/plugins/com.st.stm32cube.ide.mcu.externaltools.gnu-tools-for-stm32.11.3.rel1.win32_1.1.100.202309141235/tools/bin/../lib/gcc/arm-none-eabi/11.3.1/thumb/v7e-m+fp/hard/crti.o
 .ARM.attributes
                0x000000000000001e       0x34 C:/ST/STM32CubeIDE_1.14.1/STM32CubeIDE/plugins/com.st.stm32cube.ide.mcu.externaltools.gnu-tools-for-stm32.11.3.rel1.win32_1.1.100.202309141235/tools/bin/../lib/gcc/arm-none-eabi/11.3.1/thumb/v7e-m+fp/hard/crtbegin.o
 .ARM.attributes
                0x0000000000000052       0x30 ./Core/Src/main.o
 .ARM.attributes
                0x0000000000000082       0x30 ./Core/Src/menu.o
 .ARM.attributes
                0x00000000000000b2       0x30 ./Core/Src/screen.o
 .ARM.attributes
                0x00000000000000e2       0x30 ./Core/Src/stm32l4xx_hal_msp.o
 .ARM.attributes
                0x0000000000000112       0x30 ./Core/Src/stm32l4xx_it.o
 .ARM.attributes
                0x0000000000000142       0x30 ./Core/Src/sustain.o
 .ARM.attributes
                0x0000000000000172       0x30 ./Core/Src/system_stm32l4xx.o
 .ARM.attributes
                0x00000000000001a2       0x30 ./Core/Src/tranposition.o
 .ARM.attributes
                0x00000000000001d2       0x21 ./Core/Startup/startup_stm32l476rgtx.o
 .ARM.attributes
                0x00000000000001f3       0x30 ./Drivers/STM32L4xx_HAL_Driver/Src/stm32l4xx_hal.o
 .ARM.attributes
                0x0000000000000223       0x30 ./Drivers/STM32L4xx_HAL_Driver/Src/stm32l4xx_hal_cortex.o
 .ARM.attributes
                0x0000000000000253       0x30 ./Drivers/STM32L4xx_HAL_Driver/Src/stm32l4xx_hal_dac.o
 .ARM.attributes
                0x0000000000000283       0x30 ./Drivers/STM32L4xx_HAL_Driver/Src/stm32l4xx_hal_dac_ex.o
 .ARM.attributes
                0x00000000000002b3       0x30 ./Drivers/STM32L4xx_HAL_Driver/Src/stm32l4xx_hal_dma.o
 .ARM.attributes
                0x00000000000002e3       0x30 ./Drivers/STM32L4xx_HAL_Driver/Src/stm32l4xx_hal_gpio.o
 .ARM.attributes
                0x0000000000000313       0x30 ./Drivers/STM32L4xx_HAL_Driver/Src/stm32l4xx_hal_i2c.o
 .ARM.attributes
                0x0000000000000343       0x30 ./Drivers/STM32L4xx_HAL_Driver/Src/stm32l4xx_hal_i2c_ex.o
 .ARM.attributes
                0x0000000000000373       0x30 ./Drivers/STM32L4xx_HAL_Driver/Src/stm32l4xx_hal_pwr_ex.o
 .ARM.attributes
                0x00000000000003a3       0x30 ./Drivers/STM32L4xx_HAL_Driver/Src/stm32l4xx_hal_rcc.o
 .ARM.attributes
                0x00000000000003d3       0x30 ./Drivers/STM32L4xx_HAL_Driver/Src/stm32l4xx_hal_rcc_ex.o
 .ARM.attributes
                0x0000000000000403       0x30 ./Drivers/STM32L4xx_HAL_Driver/Src/stm32l4xx_hal_tim.o
 .ARM.attributes
                0x0000000000000433       0x30 ./Drivers/STM32L4xx_HAL_Driver/Src/stm32l4xx_hal_tim_ex.o
 .ARM.attributes
                0x0000000000000463       0x30 ./Drivers/STM32L4xx_HAL_Driver/Src/stm32l4xx_hal_uart.o
 .ARM.attributes
                0x0000000000000493       0x30 ./Drivers/STM32L4xx_HAL_Driver/Src/stm32l4xx_hal_uart_ex.o
 .ARM.attributes
                0x00000000000004c3       0x34 C:/ST/STM32CubeIDE_1.14.1/STM32CubeIDE/plugins/com.st.stm32cube.ide.mcu.externaltools.gnu-tools-for-stm32.11.3.rel1.win32_1.1.100.202309141235/tools/bin/../lib/gcc/arm-none-eabi/11.3.1/../../../../arm-none-eabi/lib/thumb/v7e-m+fp/hard\libc_nano.a(libc_a-memset.o)
 .ARM.attributes
                0x00000000000004f7       0x34 C:/ST/STM32CubeIDE_1.14.1/STM32CubeIDE/plugins/com.st.stm32cube.ide.mcu.externaltools.gnu-tools-for-stm32.11.3.rel1.win32_1.1.100.202309141235/tools/bin/../lib/gcc/arm-none-eabi/11.3.1/../../../../arm-none-eabi/lib/thumb/v7e-m+fp/hard\libc_nano.a(libc_a-init.o)
 .ARM.attributes
                0x000000000000052b       0x1e C:/ST/STM32CubeIDE_1.14.1/STM32CubeIDE/plugins/com.st.stm32cube.ide.mcu.externaltools.gnu-tools-for-stm32.11.3.rel1.win32_1.1.100.202309141235/tools/bin/../lib/gcc/arm-none-eabi/11.3.1/thumb/v7e-m+fp/hard\libgcc.a(_aeabi_uldivmod.o)
 .ARM.attributes
                0x0000000000000549       0x34 C:/ST/STM32CubeIDE_1.14.1/STM32CubeIDE/plugins/com.st.stm32cube.ide.mcu.externaltools.gnu-tools-for-stm32.11.3.rel1.win32_1.1.100.202309141235/tools/bin/../lib/gcc/arm-none-eabi/11.3.1/thumb/v7e-m+fp/hard\libgcc.a(_udivmoddi4.o)
 .ARM.attributes
                0x000000000000057d       0x1e C:/ST/STM32CubeIDE_1.14.1/STM32CubeIDE/plugins/com.st.stm32cube.ide.mcu.externaltools.gnu-tools-for-stm32.11.3.rel1.win32_1.1.100.202309141235/tools/bin/../lib/gcc/arm-none-eabi/11.3.1/thumb/v7e-m+fp/hard\libgcc.a(_dvmd_tls.o)
 .ARM.attributes
                0x000000000000059b       0x1e C:/ST/STM32CubeIDE_1.14.1/STM32CubeIDE/plugins/com.st.stm32cube.ide.mcu.externaltools.gnu-tools-for-stm32.11.3.rel1.win32_1.1.100.202309141235/tools/bin/../lib/gcc/arm-none-eabi/11.3.1/thumb/v7e-m+fp/hard/crtn.o
OUTPUT(ECEN-361-Laser-Harp.elf elf32-littlearm)
LOAD linker stubs
LOAD C:/ST/STM32CubeIDE_1.14.1/STM32CubeIDE/plugins/com.st.stm32cube.ide.mcu.externaltools.gnu-tools-for-stm32.11.3.rel1.win32_1.1.100.202309141235/tools/bin/../lib/gcc/arm-none-eabi/11.3.1/../../../../arm-none-eabi/lib/thumb/v7e-m+fp/hard\libc.a
LOAD C:/ST/STM32CubeIDE_1.14.1/STM32CubeIDE/plugins/com.st.stm32cube.ide.mcu.externaltools.gnu-tools-for-stm32.11.3.rel1.win32_1.1.100.202309141235/tools/bin/../lib/gcc/arm-none-eabi/11.3.1/../../../../arm-none-eabi/lib/thumb/v7e-m+fp/hard\libm.a
LOAD C:/ST/STM32CubeIDE_1.14.1/STM32CubeIDE/plugins/com.st.stm32cube.ide.mcu.externaltools.gnu-tools-for-stm32.11.3.rel1.win32_1.1.100.202309141235/tools/bin/../lib/gcc/arm-none-eabi/11.3.1/thumb/v7e-m+fp/hard\libgcc.a

.comment        0x0000000000000000       0x43
 .comment       0x0000000000000000       0x43 C:/ST/STM32CubeIDE_1.14.1/STM32CubeIDE/plugins/com.st.stm32cube.ide.mcu.externaltools.gnu-tools-for-stm32.11.3.rel1.win32_1.1.100.202309141235/tools/bin/../lib/gcc/arm-none-eabi/11.3.1/thumb/v7e-m+fp/hard/crtbegin.o
                                         0x44 (size before relaxing)
 .comment       0x0000000000000043       0x44 ./Core/Src/main.o
 .comment       0x0000000000000043       0x44 ./Core/Src/menu.o
 .comment       0x0000000000000043       0x44 ./Core/Src/screen.o
 .comment       0x0000000000000043       0x44 ./Core/Src/stm32l4xx_hal_msp.o
 .comment       0x0000000000000043       0x44 ./Core/Src/stm32l4xx_it.o
 .comment       0x0000000000000043       0x44 ./Core/Src/sustain.o
 .comment       0x0000000000000043       0x44 ./Core/Src/system_stm32l4xx.o
 .comment       0x0000000000000043       0x44 ./Core/Src/tranposition.o
 .comment       0x0000000000000043       0x44 ./Drivers/STM32L4xx_HAL_Driver/Src/stm32l4xx_hal.o
 .comment       0x0000000000000043       0x44 ./Drivers/STM32L4xx_HAL_Driver/Src/stm32l4xx_hal_cortex.o
 .comment       0x0000000000000043       0x44 ./Drivers/STM32L4xx_HAL_Driver/Src/stm32l4xx_hal_dac.o
 .comment       0x0000000000000043       0x44 ./Drivers/STM32L4xx_HAL_Driver/Src/stm32l4xx_hal_dac_ex.o
 .comment       0x0000000000000043       0x44 ./Drivers/STM32L4xx_HAL_Driver/Src/stm32l4xx_hal_dma.o
 .comment       0x0000000000000043       0x44 ./Drivers/STM32L4xx_HAL_Driver/Src/stm32l4xx_hal_gpio.o
 .comment       0x0000000000000043       0x44 ./Drivers/STM32L4xx_HAL_Driver/Src/stm32l4xx_hal_i2c.o
 .comment       0x0000000000000043       0x44 ./Drivers/STM32L4xx_HAL_Driver/Src/stm32l4xx_hal_i2c_ex.o
 .comment       0x0000000000000043       0x44 ./Drivers/STM32L4xx_HAL_Driver/Src/stm32l4xx_hal_pwr_ex.o
 .comment       0x0000000000000043       0x44 ./Drivers/STM32L4xx_HAL_Driver/Src/stm32l4xx_hal_rcc.o
 .comment       0x0000000000000043       0x44 ./Drivers/STM32L4xx_HAL_Driver/Src/stm32l4xx_hal_rcc_ex.o
 .comment       0x0000000000000043       0x44 ./Drivers/STM32L4xx_HAL_Driver/Src/stm32l4xx_hal_tim.o
 .comment       0x0000000000000043       0x44 ./Drivers/STM32L4xx_HAL_Driver/Src/stm32l4xx_hal_tim_ex.o
 .comment       0x0000000000000043       0x44 ./Drivers/STM32L4xx_HAL_Driver/Src/stm32l4xx_hal_uart.o
 .comment       0x0000000000000043       0x44 ./Drivers/STM32L4xx_HAL_Driver/Src/stm32l4xx_hal_uart_ex.o

.debug_info     0x0000000000000000    0x25dcd
 .debug_info    0x0000000000000000     0x26d0 ./Core/Src/main.o
 .debug_info    0x00000000000026d0      0xb2f ./Core/Src/menu.o
 .debug_info    0x00000000000031ff     0x18a9 ./Core/Src/screen.o
 .debug_info    0x0000000000004aa8     0x1be4 ./Core/Src/stm32l4xx_hal_msp.o
 .debug_info    0x000000000000668c      0xeda ./Core/Src/stm32l4xx_it.o
 .debug_info    0x0000000000007566      0x31a ./Core/Src/sustain.o
 .debug_info    0x0000000000007880      0x5cf ./Core/Src/system_stm32l4xx.o
 .debug_info    0x0000000000007e4f     0x18fe ./Core/Src/tranposition.o
 .debug_info    0x000000000000974d       0x23 ./Core/Startup/startup_stm32l476rgtx.o
 .debug_info    0x0000000000009770      0xd22 ./Drivers/STM32L4xx_HAL_Driver/Src/stm32l4xx_hal.o
 .debug_info    0x000000000000a492      0xf88 ./Drivers/STM32L4xx_HAL_Driver/Src/stm32l4xx_hal_cortex.o
 .debug_info    0x000000000000b41a      0xbf5 ./Drivers/STM32L4xx_HAL_Driver/Src/stm32l4xx_hal_dac.o
 .debug_info    0x000000000000c00f      0x9b0 ./Drivers/STM32L4xx_HAL_Driver/Src/stm32l4xx_hal_dac_ex.o
 .debug_info    0x000000000000c9bf      0x811 ./Drivers/STM32L4xx_HAL_Driver/Src/stm32l4xx_hal_dma.o
 .debug_info    0x000000000000d1d0      0x795 ./Drivers/STM32L4xx_HAL_Driver/Src/stm32l4xx_hal_gpio.o
 .debug_info    0x000000000000d965     0x6762 ./Drivers/STM32L4xx_HAL_Driver/Src/stm32l4xx_hal_i2c.o
 .debug_info    0x00000000000140c7      0x9a6 ./Drivers/STM32L4xx_HAL_Driver/Src/stm32l4xx_hal_i2c_ex.o
 .debug_info    0x0000000000014a6d      0xaa3 ./Drivers/STM32L4xx_HAL_Driver/Src/stm32l4xx_hal_pwr_ex.o
 .debug_info    0x0000000000015510      0xe91 ./Drivers/STM32L4xx_HAL_Driver/Src/stm32l4xx_hal_rcc.o
 .debug_info    0x00000000000163a1     0x1107 ./Drivers/STM32L4xx_HAL_Driver/Src/stm32l4xx_hal_rcc_ex.o
 .debug_info    0x00000000000174a8     0x4e7d ./Drivers/STM32L4xx_HAL_Driver/Src/stm32l4xx_hal_tim.o
 .debug_info    0x000000000001c325     0x1dd6 ./Drivers/STM32L4xx_HAL_Driver/Src/stm32l4xx_hal_tim_ex.o
 .debug_info    0x000000000001e0fb     0x6c44 ./Drivers/STM32L4xx_HAL_Driver/Src/stm32l4xx_hal_uart.o
 .debug_info    0x0000000000024d3f     0x108e ./Drivers/STM32L4xx_HAL_Driver/Src/stm32l4xx_hal_uart_ex.o

.debug_abbrev   0x0000000000000000     0x3d9e
 .debug_abbrev  0x0000000000000000      0x44d ./Core/Src/main.o
 .debug_abbrev  0x000000000000044d      0x252 ./Core/Src/menu.o
 .debug_abbrev  0x000000000000069f      0x2f8 ./Core/Src/screen.o
 .debug_abbrev  0x0000000000000997      0x281 ./Core/Src/stm32l4xx_hal_msp.o
 .debug_abbrev  0x0000000000000c18      0x21b ./Core/Src/stm32l4xx_it.o
 .debug_abbrev  0x0000000000000e33       0x95 ./Core/Src/sustain.o
 .debug_abbrev  0x0000000000000ec8      0x120 ./Core/Src/system_stm32l4xx.o
 .debug_abbrev  0x0000000000000fe8      0x14a ./Core/Src/tranposition.o
 .debug_abbrev  0x0000000000001132       0x12 ./Core/Startup/startup_stm32l476rgtx.o
 .debug_abbrev  0x0000000000001144      0x2cc ./Drivers/STM32L4xx_HAL_Driver/Src/stm32l4xx_hal.o
 .debug_abbrev  0x0000000000001410      0x383 ./Drivers/STM32L4xx_HAL_Driver/Src/stm32l4xx_hal_cortex.o
 .debug_abbrev  0x0000000000001793      0x262 ./Drivers/STM32L4xx_HAL_Driver/Src/stm32l4xx_hal_dac.o
 .debug_abbrev  0x00000000000019f5      0x2a1 ./Drivers/STM32L4xx_HAL_Driver/Src/stm32l4xx_hal_dac_ex.o
 .debug_abbrev  0x0000000000001c96      0x243 ./Drivers/STM32L4xx_HAL_Driver/Src/stm32l4xx_hal_dma.o
 .debug_abbrev  0x0000000000001ed9      0x20e ./Drivers/STM32L4xx_HAL_Driver/Src/stm32l4xx_hal_gpio.o
 .debug_abbrev  0x00000000000020e7      0x413 ./Drivers/STM32L4xx_HAL_Driver/Src/stm32l4xx_hal_i2c.o
 .debug_abbrev  0x00000000000024fa      0x1ca ./Drivers/STM32L4xx_HAL_Driver/Src/stm32l4xx_hal_i2c_ex.o
 .debug_abbrev  0x00000000000026c4      0x296 ./Drivers/STM32L4xx_HAL_Driver/Src/stm32l4xx_hal_pwr_ex.o
 .debug_abbrev  0x000000000000295a      0x2cc ./Drivers/STM32L4xx_HAL_Driver/Src/stm32l4xx_hal_rcc.o
 .debug_abbrev  0x0000000000002c26      0x2cc ./Drivers/STM32L4xx_HAL_Driver/Src/stm32l4xx_hal_rcc_ex.o
 .debug_abbrev  0x0000000000002ef2      0x3a3 ./Drivers/STM32L4xx_HAL_Driver/Src/stm32l4xx_hal_tim.o
 .debug_abbrev  0x0000000000003295      0x38e ./Drivers/STM32L4xx_HAL_Driver/Src/stm32l4xx_hal_tim_ex.o
 .debug_abbrev  0x0000000000003623      0x469 ./Drivers/STM32L4xx_HAL_Driver/Src/stm32l4xx_hal_uart.o
 .debug_abbrev  0x0000000000003a8c      0x312 ./Drivers/STM32L4xx_HAL_Driver/Src/stm32l4xx_hal_uart_ex.o

.debug_loclists
                0x0000000000000000    0x13975
 .debug_loclists
                0x0000000000000000      0x157 ./Core/Src/main.o
 .debug_loclists
                0x0000000000000157      0x48e ./Core/Src/screen.o
 .debug_loclists
                0x00000000000005e5       0xf3 ./Core/Src/stm32l4xx_hal_msp.o
 .debug_loclists
                0x00000000000006d8       0xdc ./Core/Src/system_stm32l4xx.o
 .debug_loclists
                0x00000000000007b4       0xd0 ./Core/Src/tranposition.o
 .debug_loclists
                0x0000000000000884      0x1a0 ./Drivers/STM32L4xx_HAL_Driver/Src/stm32l4xx_hal.o
 .debug_loclists
                0x0000000000000a24      0x4a3 ./Drivers/STM32L4xx_HAL_Driver/Src/stm32l4xx_hal_cortex.o
 .debug_loclists
                0x0000000000000ec7      0x5e7 ./Drivers/STM32L4xx_HAL_Driver/Src/stm32l4xx_hal_dac.o
 .debug_loclists
                0x00000000000014ae      0x3d4 ./Drivers/STM32L4xx_HAL_Driver/Src/stm32l4xx_hal_dac_ex.o
 .debug_loclists
                0x0000000000001882      0x4ed ./Drivers/STM32L4xx_HAL_Driver/Src/stm32l4xx_hal_dma.o
 .debug_loclists
                0x0000000000001d6f      0x2ad ./Drivers/STM32L4xx_HAL_Driver/Src/stm32l4xx_hal_gpio.o
 .debug_loclists
                0x000000000000201c     0x61e9 ./Drivers/STM32L4xx_HAL_Driver/Src/stm32l4xx_hal_i2c.o
 .debug_loclists
                0x0000000000008205      0x15f ./Drivers/STM32L4xx_HAL_Driver/Src/stm32l4xx_hal_i2c_ex.o
 .debug_loclists
                0x0000000000008364      0x53c ./Drivers/STM32L4xx_HAL_Driver/Src/stm32l4xx_hal_pwr_ex.o
 .debug_loclists
                0x00000000000088a0      0x57a ./Drivers/STM32L4xx_HAL_Driver/Src/stm32l4xx_hal_rcc.o
 .debug_loclists
                0x0000000000008e1a      0xa6c ./Drivers/STM32L4xx_HAL_Driver/Src/stm32l4xx_hal_rcc_ex.o
 .debug_loclists
                0x0000000000009886     0x4a52 ./Drivers/STM32L4xx_HAL_Driver/Src/stm32l4xx_hal_tim.o
 .debug_loclists
                0x000000000000e2d8     0x118b ./Drivers/STM32L4xx_HAL_Driver/Src/stm32l4xx_hal_tim_ex.o
 .debug_loclists
                0x000000000000f463     0x3d61 ./Drivers/STM32L4xx_HAL_Driver/Src/stm32l4xx_hal_uart.o
 .debug_loclists
                0x00000000000131c4      0x7b1 ./Drivers/STM32L4xx_HAL_Driver/Src/stm32l4xx_hal_uart_ex.o

.debug_aranges  0x0000000000000000     0x10f8
 .debug_aranges
                0x0000000000000000       0x40 ./Core/Src/main.o
 .debug_aranges
                0x0000000000000040       0x50 ./Core/Src/menu.o
 .debug_aranges
                0x0000000000000090       0x58 ./Core/Src/screen.o
 .debug_aranges
                0x00000000000000e8       0x60 ./Core/Src/stm32l4xx_hal_msp.o
 .debug_aranges
                0x0000000000000148       0xa0 ./Core/Src/stm32l4xx_it.o
 .debug_aranges
                0x00000000000001e8       0x20 ./Core/Src/sustain.o
 .debug_aranges
                0x0000000000000208       0x28 ./Core/Src/system_stm32l4xx.o
 .debug_aranges
                0x0000000000000230       0x38 ./Core/Src/tranposition.o
 .debug_aranges
                0x0000000000000268       0x28 ./Core/Startup/startup_stm32l476rgtx.o
 .debug_aranges
                0x0000000000000290      0x128 ./Drivers/STM32L4xx_HAL_Driver/Src/stm32l4xx_hal.o
 .debug_aranges
                0x00000000000003b8       0xa8 ./Drivers/STM32L4xx_HAL_Driver/Src/stm32l4xx_hal_cortex.o
 .debug_aranges
                0x0000000000000460       0x98 ./Drivers/STM32L4xx_HAL_Driver/Src/stm32l4xx_hal_dac.o
 .debug_aranges
                0x00000000000004f8       0x70 ./Drivers/STM32L4xx_HAL_Driver/Src/stm32l4xx_hal_dac_ex.o
 .debug_aranges
                0x0000000000000568       0x78 ./Drivers/STM32L4xx_HAL_Driver/Src/stm32l4xx_hal_dma.o
 .debug_aranges
                0x00000000000005e0       0x58 ./Drivers/STM32L4xx_HAL_Driver/Src/stm32l4xx_hal_gpio.o
 .debug_aranges
                0x0000000000000638      0x1f0 ./Drivers/STM32L4xx_HAL_Driver/Src/stm32l4xx_hal_i2c.o
 .debug_aranges
                0x0000000000000828       0x48 ./Drivers/STM32L4xx_HAL_Driver/Src/stm32l4xx_hal_i2c_ex.o
 .debug_aranges
                0x0000000000000870      0x148 ./Drivers/STM32L4xx_HAL_Driver/Src/stm32l4xx_hal_pwr_ex.o
 .debug_aranges
                0x00000000000009b8       0x90 ./Drivers/STM32L4xx_HAL_Driver/Src/stm32l4xx_hal_rcc.o
 .debug_aranges
                0x0000000000000a48       0xc0 ./Drivers/STM32L4xx_HAL_Driver/Src/stm32l4xx_hal_rcc_ex.o
 .debug_aranges
                0x0000000000000b08      0x288 ./Drivers/STM32L4xx_HAL_Driver/Src/stm32l4xx_hal_tim.o
 .debug_aranges
                0x0000000000000d90      0x120 ./Drivers/STM32L4xx_HAL_Driver/Src/stm32l4xx_hal_tim_ex.o
 .debug_aranges
                0x0000000000000eb0      0x1d0 ./Drivers/STM32L4xx_HAL_Driver/Src/stm32l4xx_hal_uart.o
 .debug_aranges
                0x0000000000001080       0x78 ./Drivers/STM32L4xx_HAL_Driver/Src/stm32l4xx_hal_uart_ex.o

.debug_rnglists
                0x0000000000000000     0x1ea5
 .debug_rnglists
                0x0000000000000000       0x7d ./Core/Src/main.o
 .debug_rnglists
                0x000000000000007d       0xfd ./Core/Src/menu.o
 .debug_rnglists
                0x000000000000017a       0xe1 ./Core/Src/screen.o
 .debug_rnglists
                0x000000000000025b       0xa8 ./Core/Src/stm32l4xx_hal_msp.o
 .debug_rnglists
                0x0000000000000303       0x73 ./Core/Src/stm32l4xx_it.o
 .debug_rnglists
                0x0000000000000376       0x14 ./Core/Src/sustain.o
 .debug_rnglists
                0x000000000000038a       0x1a ./Core/Src/system_stm32l4xx.o
 .debug_rnglists
                0x00000000000003a4       0x27 ./Core/Src/tranposition.o
 .debug_rnglists
                0x00000000000003cb       0x19 ./Core/Startup/startup_stm32l476rgtx.o
 .debug_rnglists
                0x00000000000003e4       0xd9 ./Drivers/STM32L4xx_HAL_Driver/Src/stm32l4xx_hal.o
 .debug_rnglists
                0x00000000000004bd       0xee ./Drivers/STM32L4xx_HAL_Driver/Src/stm32l4xx_hal_cortex.o
 .debug_rnglists
                0x00000000000005ab       0x6f ./Drivers/STM32L4xx_HAL_Driver/Src/stm32l4xx_hal_dac.o
 .debug_rnglists
                0x000000000000061a       0x50 ./Drivers/STM32L4xx_HAL_Driver/Src/stm32l4xx_hal_dac_ex.o
 .debug_rnglists
                0x000000000000066a       0x78 ./Drivers/STM32L4xx_HAL_Driver/Src/stm32l4xx_hal_dma.o
 .debug_rnglists
                0x00000000000006e2       0x3f ./Drivers/STM32L4xx_HAL_Driver/Src/stm32l4xx_hal_gpio.o
 .debug_rnglists
                0x0000000000000721      0x9e1 ./Drivers/STM32L4xx_HAL_Driver/Src/stm32l4xx_hal_i2c.o
 .debug_rnglists
                0x0000000000001102       0x4f ./Drivers/STM32L4xx_HAL_Driver/Src/stm32l4xx_hal_i2c_ex.o
 .debug_rnglists
                0x0000000000001151       0xf7 ./Drivers/STM32L4xx_HAL_Driver/Src/stm32l4xx_hal_pwr_ex.o
 .debug_rnglists
                0x0000000000001248       0xb4 ./Drivers/STM32L4xx_HAL_Driver/Src/stm32l4xx_hal_rcc.o
 .debug_rnglists
                0x00000000000012fc       0xba ./Drivers/STM32L4xx_HAL_Driver/Src/stm32l4xx_hal_rcc_ex.o
 .debug_rnglists
                0x00000000000013b6      0x49b ./Drivers/STM32L4xx_HAL_Driver/Src/stm32l4xx_hal_tim.o
 .debug_rnglists
                0x0000000000001851      0x156 ./Drivers/STM32L4xx_HAL_Driver/Src/stm32l4xx_hal_tim_ex.o
 .debug_rnglists
                0x00000000000019a7      0x4a6 ./Drivers/STM32L4xx_HAL_Driver/Src/stm32l4xx_hal_uart.o
 .debug_rnglists
                0x0000000000001e4d       0x58 ./Drivers/STM32L4xx_HAL_Driver/Src/stm32l4xx_hal_uart_ex.o

.debug_macro    0x0000000000000000    0x28229
 .debug_macro   0x0000000000000000      0x272 ./Core/Src/main.o
 .debug_macro   0x0000000000000272      0xab4 ./Core/Src/main.o
 .debug_macro   0x0000000000000d26      0x1b3 ./Core/Src/main.o
 .debug_macro   0x0000000000000ed9       0x2e ./Core/Src/main.o
 .debug_macro   0x0000000000000f07       0x28 ./Core/Src/main.o
 .debug_macro   0x0000000000000f2f       0x22 ./Core/Src/main.o
 .debug_macro   0x0000000000000f51       0x8e ./Core/Src/main.o
 .debug_macro   0x0000000000000fdf       0x51 ./Core/Src/main.o
 .debug_macro   0x0000000000001030      0x103 ./Core/Src/main.o
 .debug_macro   0x0000000000001133       0x6a ./Core/Src/main.o
 .debug_macro   0x000000000000119d      0x1df ./Core/Src/main.o
 .debug_macro   0x000000000000137c       0x1c ./Core/Src/main.o
 .debug_macro   0x0000000000001398       0x22 ./Core/Src/main.o
 .debug_macro   0x00000000000013ba       0xfb ./Core/Src/main.o
 .debug_macro   0x00000000000014b5     0x1011 ./Core/Src/main.o
 .debug_macro   0x00000000000024c6      0x11f ./Core/Src/main.o
 .debug_macro   0x00000000000025e5    0x1a17a ./Core/Src/main.o
 .debug_macro   0x000000000001c75f       0x6d ./Core/Src/main.o
 .debug_macro   0x000000000001c7cc     0x38e6 ./Core/Src/main.o
 .debug_macro   0x00000000000200b2      0x174 ./Core/Src/main.o
 .debug_macro   0x0000000000020226       0x5c ./Core/Src/main.o
 .debug_macro   0x0000000000020282     0x159e ./Core/Src/main.o
 .debug_macro   0x0000000000021820      0x5a5 ./Core/Src/main.o
 .debug_macro   0x0000000000021dc5      0x1b9 ./Core/Src/main.o
 .debug_macro   0x0000000000021f7e      0x18b ./Core/Src/main.o
 .debug_macro   0x0000000000022109      0x26b ./Core/Src/main.o
 .debug_macro   0x0000000000022374      0x23d ./Core/Src/main.o
 .debug_macro   0x00000000000225b1      0x153 ./Core/Src/main.o
 .debug_macro   0x0000000000022704       0xd8 ./Core/Src/main.o
 .debug_macro   0x00000000000227dc      0x241 ./Core/Src/main.o
 .debug_macro   0x0000000000022a1d      0x37c ./Core/Src/main.o
 .debug_macro   0x0000000000022d99       0xd6 ./Core/Src/main.o
 .debug_macro   0x0000000000022e6f      0x22c ./Core/Src/main.o
 .debug_macro   0x000000000002309b       0x61 ./Core/Src/main.o
 .debug_macro   0x00000000000230fc       0xa5 ./Core/Src/main.o
 .debug_macro   0x00000000000231a1      0x122 ./Core/Src/main.o
 .debug_macro   0x00000000000232c3      0x3ef ./Core/Src/main.o
 .debug_macro   0x00000000000236b2      0xa98 ./Core/Src/main.o
 .debug_macro   0x000000000002414a      0x1e6 ./Core/Src/main.o
 .debug_macro   0x0000000000024330      0x5cf ./Core/Src/main.o
 .debug_macro   0x00000000000248ff       0x44 ./Core/Src/main.o
 .debug_macro   0x0000000000024943      0x330 ./Core/Src/main.o
 .debug_macro   0x0000000000024c73      0x15a ./Core/Src/main.o
 .debug_macro   0x0000000000024dcd       0x40 ./Core/Src/main.o
 .debug_macro   0x0000000000024e0d       0x28 ./Core/Src/main.o
 .debug_macro   0x0000000000024e35      0x2f4 ./Core/Src/menu.o
 .debug_macro   0x0000000000025129       0x61 ./Core/Src/menu.o
 .debug_macro   0x000000000002518a       0x2a ./Core/Src/menu.o
 .debug_macro   0x00000000000251b4       0x43 ./Core/Src/menu.o
 .debug_macro   0x00000000000251f7       0x34 ./Core/Src/menu.o
 .debug_macro   0x000000000002522b       0x16 ./Core/Src/menu.o
 .debug_macro   0x0000000000025241       0x35 ./Core/Src/menu.o
 .debug_macro   0x0000000000025276      0x369 ./Core/Src/menu.o
 .debug_macro   0x00000000000255df       0x10 ./Core/Src/menu.o
 .debug_macro   0x00000000000255ef       0x16 ./Core/Src/menu.o
 .debug_macro   0x0000000000025605       0x43 ./Core/Src/menu.o
 .debug_macro   0x0000000000025648       0x34 ./Core/Src/menu.o
 .debug_macro   0x000000000002567c       0x10 ./Core/Src/menu.o
 .debug_macro   0x000000000002568c       0x58 ./Core/Src/menu.o
 .debug_macro   0x00000000000256e4       0x8e ./Core/Src/menu.o
 .debug_macro   0x0000000000025772       0x1c ./Core/Src/menu.o
 .debug_macro   0x000000000002578e      0x177 ./Core/Src/menu.o
 .debug_macro   0x0000000000025905       0x16 ./Core/Src/menu.o
 .debug_macro   0x000000000002591b       0x16 ./Core/Src/menu.o
 .debug_macro   0x0000000000025931      0x147 ./Core/Src/menu.o
 .debug_macro   0x0000000000025a78      0x20b ./Core/Src/screen.o
 .debug_macro   0x0000000000025c83      0x1fc ./Core/Src/stm32l4xx_hal_msp.o
 .debug_macro   0x0000000000025e7f      0x206 ./Core/Src/stm32l4xx_it.o
 .debug_macro   0x0000000000026085       0x6e ./Core/Src/sustain.o
 .debug_macro   0x00000000000260f3      0x1ed ./Core/Src/system_stm32l4xx.o
 .debug_macro   0x00000000000262e0       0x22 ./Core/Src/tranposition.o
 .debug_macro   0x0000000000026302       0x4c ./Core/Src/tranposition.o
 .debug_macro   0x000000000002634e      0x23b ./Drivers/STM32L4xx_HAL_Driver/Src/stm32l4xx_hal.o
 .debug_macro   0x0000000000026589      0x1ed ./Drivers/STM32L4xx_HAL_Driver/Src/stm32l4xx_hal_cortex.o
 .debug_macro   0x0000000000026776      0x1fc ./Drivers/STM32L4xx_HAL_Driver/Src/stm32l4xx_hal_dac.o
 .debug_macro   0x0000000000026972      0x1ed ./Drivers/STM32L4xx_HAL_Driver/Src/stm32l4xx_hal_dac_ex.o
 .debug_macro   0x0000000000026b5f      0x1ed ./Drivers/STM32L4xx_HAL_Driver/Src/stm32l4xx_hal_dma.o
 .debug_macro   0x0000000000026d4c      0x1f4 ./Drivers/STM32L4xx_HAL_Driver/Src/stm32l4xx_hal_gpio.o
 .debug_macro   0x0000000000026f40      0x2b9 ./Drivers/STM32L4xx_HAL_Driver/Src/stm32l4xx_hal_i2c.o
 .debug_macro   0x00000000000271f9      0x1ed ./Drivers/STM32L4xx_HAL_Driver/Src/stm32l4xx_hal_i2c_ex.o
 .debug_macro   0x00000000000273e6      0x211 ./Drivers/STM32L4xx_HAL_Driver/Src/stm32l4xx_hal_pwr_ex.o
 .debug_macro   0x00000000000275f7      0x22f ./Drivers/STM32L4xx_HAL_Driver/Src/stm32l4xx_hal_rcc.o
 .debug_macro   0x0000000000027826      0x223 ./Drivers/STM32L4xx_HAL_Driver/Src/stm32l4xx_hal_rcc_ex.o
 .debug_macro   0x0000000000027a49      0x1ee ./Drivers/STM32L4xx_HAL_Driver/Src/stm32l4xx_hal_tim.o
 .debug_macro   0x0000000000027c37      0x1ed ./Drivers/STM32L4xx_HAL_Driver/Src/stm32l4xx_hal_tim_ex.o
 .debug_macro   0x0000000000027e24      0x218 ./Drivers/STM32L4xx_HAL_Driver/Src/stm32l4xx_hal_uart.o
 .debug_macro   0x000000000002803c      0x1ed ./Drivers/STM32L4xx_HAL_Driver/Src/stm32l4xx_hal_uart_ex.o

.debug_line     0x0000000000000000    0x27399
 .debug_line    0x0000000000000000     0x11b8 ./Core/Src/main.o
 .debug_line    0x00000000000011b8      0xe0b ./Core/Src/menu.o
 .debug_line    0x0000000000001fc3      0xee6 ./Core/Src/screen.o
 .debug_line    0x0000000000002ea9      0xabe ./Core/Src/stm32l4xx_hal_msp.o